Component: ARM Compiler 5.06 update 6 (build 750) Tool: armlink [4d35ed]

==============================================================================

Section Cross References

    event_groups.o(i.vEventGroupClearBitsCallback) refers to event_groups.o(i.xEventGroupClearBits) for xEventGroupClearBits
    event_groups.o(i.vEventGroupDelete) refers to tasks.o(i.vTaskSuspendAll) for vTaskSuspendAll
    event_groups.o(i.vEventGroupDelete) refers to tasks.o(i.vTaskRemoveFromUnorderedEventList) for vTaskRemoveFromUnorderedEventList
    event_groups.o(i.vEventGroupDelete) refers to heap_4.o(i.vPortFree) for vPortFree
    event_groups.o(i.vEventGroupDelete) refers to tasks.o(i.xTaskResumeAll) for xTaskResumeAll
    event_groups.o(i.vEventGroupSetBitsCallback) refers to event_groups.o(i.xEventGroupSetBits) for xEventGroupSetBits
    event_groups.o(i.xEventGroupClearBits) refers to port.o(i.vPortEnterCritical) for vPortEnterCritical
    event_groups.o(i.xEventGroupClearBits) refers to port.o(i.vPortExitCritical) for vPortExitCritical
    event_groups.o(i.xEventGroupCreate) refers to heap_4.o(i.pvPortMalloc) for pvPortMalloc
    event_groups.o(i.xEventGroupCreate) refers to list.o(i.vListInitialise) for vListInitialise
    event_groups.o(i.xEventGroupSetBits) refers to tasks.o(i.vTaskSuspendAll) for vTaskSuspendAll
    event_groups.o(i.xEventGroupSetBits) refers to tasks.o(i.vTaskRemoveFromUnorderedEventList) for vTaskRemoveFromUnorderedEventList
    event_groups.o(i.xEventGroupSetBits) refers to tasks.o(i.xTaskResumeAll) for xTaskResumeAll
    event_groups.o(i.xEventGroupSync) refers to tasks.o(i.xTaskGetSchedulerState) for xTaskGetSchedulerState
    event_groups.o(i.xEventGroupSync) refers to tasks.o(i.vTaskSuspendAll) for vTaskSuspendAll
    event_groups.o(i.xEventGroupSync) refers to event_groups.o(i.xEventGroupSetBits) for xEventGroupSetBits
    event_groups.o(i.xEventGroupSync) refers to tasks.o(i.vTaskPlaceOnUnorderedEventList) for vTaskPlaceOnUnorderedEventList
    event_groups.o(i.xEventGroupSync) refers to tasks.o(i.xTaskResumeAll) for xTaskResumeAll
    event_groups.o(i.xEventGroupSync) refers to tasks.o(i.uxTaskResetEventItemValue) for uxTaskResetEventItemValue
    event_groups.o(i.xEventGroupSync) refers to port.o(i.vPortEnterCritical) for vPortEnterCritical
    event_groups.o(i.xEventGroupSync) refers to port.o(i.vPortExitCritical) for vPortExitCritical
    event_groups.o(i.xEventGroupWaitBits) refers to tasks.o(i.xTaskGetSchedulerState) for xTaskGetSchedulerState
    event_groups.o(i.xEventGroupWaitBits) refers to tasks.o(i.vTaskSuspendAll) for vTaskSuspendAll
    event_groups.o(i.xEventGroupWaitBits) refers to event_groups.o(i.prvTestWaitCondition) for prvTestWaitCondition
    event_groups.o(i.xEventGroupWaitBits) refers to tasks.o(i.vTaskPlaceOnUnorderedEventList) for vTaskPlaceOnUnorderedEventList
    event_groups.o(i.xEventGroupWaitBits) refers to tasks.o(i.xTaskResumeAll) for xTaskResumeAll
    event_groups.o(i.xEventGroupWaitBits) refers to tasks.o(i.uxTaskResetEventItemValue) for uxTaskResetEventItemValue
    event_groups.o(i.xEventGroupWaitBits) refers to port.o(i.vPortEnterCritical) for vPortEnterCritical
    event_groups.o(i.xEventGroupWaitBits) refers to port.o(i.vPortExitCritical) for vPortExitCritical
    heap_4.o(i.prvHeapInit) refers to heap_4.o(.bss) for ucHeap
    heap_4.o(i.prvHeapInit) refers to heap_4.o(.data) for xStart
    heap_4.o(i.prvInsertBlockIntoFreeList) refers to heap_4.o(.data) for xStart
    heap_4.o(i.pvPortMalloc) refers to tasks.o(i.vTaskSuspendAll) for vTaskSuspendAll
    heap_4.o(i.pvPortMalloc) refers to heap_4.o(i.prvHeapInit) for prvHeapInit
    heap_4.o(i.pvPortMalloc) refers to heap_4.o(i.prvInsertBlockIntoFreeList) for prvInsertBlockIntoFreeList
    heap_4.o(i.pvPortMalloc) refers to tasks.o(i.xTaskResumeAll) for xTaskResumeAll
    heap_4.o(i.pvPortMalloc) refers to main.o(i.vApplicationMallocFailedHook) for vApplicationMallocFailedHook
    heap_4.o(i.pvPortMalloc) refers to heap_4.o(.data) for pxEnd
    heap_4.o(i.vPortFree) refers to tasks.o(i.vTaskSuspendAll) for vTaskSuspendAll
    heap_4.o(i.vPortFree) refers to heap_4.o(i.prvInsertBlockIntoFreeList) for prvInsertBlockIntoFreeList
    heap_4.o(i.vPortFree) refers to tasks.o(i.xTaskResumeAll) for xTaskResumeAll
    heap_4.o(i.vPortFree) refers to heap_4.o(.data) for xBlockAllocatedBit
    heap_4.o(i.vPortGetHeapStats) refers to tasks.o(i.vTaskSuspendAll) for vTaskSuspendAll
    heap_4.o(i.vPortGetHeapStats) refers to tasks.o(i.xTaskResumeAll) for xTaskResumeAll
    heap_4.o(i.vPortGetHeapStats) refers to port.o(i.vPortEnterCritical) for vPortEnterCritical
    heap_4.o(i.vPortGetHeapStats) refers to port.o(i.vPortExitCritical) for vPortExitCritical
    heap_4.o(i.vPortGetHeapStats) refers to heap_4.o(.data) for xStart
    heap_4.o(i.xPortGetFreeHeapSize) refers to heap_4.o(.data) for xFreeBytesRemaining
[...]
    StdPeriph\\src\\stm32f4xx_hash_sha1.c    0x00000000   Number         0  stm32f4xx_hash_sha1.o ABSOLUTE
    StdPeriph\\src\\stm32f4xx_i2c.c          0x00000000   Number         0  stm32f4xx_i2c.o ABSOLUTE
    StdPeriph\\src\\stm32f4xx_iwdg.c         0x00000000   Number         0  stm32f4xx_iwdg.o ABSOLUTE
    StdPeriph\\src\\stm32f4xx_lptim.c        0x00000000   Number         0  stm32f4xx_lptim.o ABSOLUTE
    StdPeriph\\src\\stm32f4xx_ltdc.c         0x00000000   Number         0  stm32f4xx_ltdc.o ABSOLUTE
    StdPeriph\\src\\stm32f4xx_pwr.c          0x00000000   Number         0  stm32f4xx_pwr.o ABSOLUTE
    StdPeriph\\src\\stm32f4xx_qspi.c         0x00000000   Number         0  stm32f4xx_qspi.o ABSOLUTE
    StdPeriph\\src\\stm32f4xx_rcc.c          0x00000000   Number         0  stm32f4xx_rcc.o ABSOLUTE
    StdPeriph\\src\\stm32f4xx_rng.c          0x00000000   Number         0  stm32f4xx_rng.o ABSOLUTE
    StdPeriph\\src\\stm32f4xx_rtc.c          0x00000000   Number         0  stm32f4xx_rtc.o ABSOLUTE
    StdPeriph\\src\\stm32f4xx_sai.c          0x00000000   Number         0  stm32f4xx_sai.o ABSOLUTE
    StdPeriph\\src\\stm32f4xx_sdio.c         0x00000000   Number         0  stm32f4xx_sdio.o ABSOLUTE
    StdPeriph\\src\\stm32f4xx_spdifrx.c      0x00000000   Number         0  stm32f4xx_spdifrx.o ABSOLUTE
    StdPeriph\\src\\stm32f4xx_spi.c          0x00000000   Number         0  stm32f4xx_spi.o ABSOLUTE
    StdPeriph\\src\\stm32f4xx_syscfg.c       0x00000000   Number         0  stm32f4xx_syscfg.o ABSOLUTE
    StdPeriph\\src\\stm32f4xx_tim.c          0x00000000   Number         0  stm32f4xx_tim.o ABSOLUTE
    StdPeriph\\src\\stm32f4xx_usart.c        0x00000000   Number         0  stm32f4xx_usart.o ABSOLUTE
    StdPeriph\\src\\stm32f4xx_wwdg.c         0x00000000   Number         0  stm32f4xx_wwdg.o ABSOLUTE
    StdPeriph\src\misc.c                     0x00000000   Number         0  misc.o ABSOLUTE
    StdPeriph\src\stm32f4xx_adc.c            0x00000000   Number         0  stm32f4xx_adc.o ABSOLUTE
    StdPeriph\src\stm32f4xx_can.c            0x00000000   Number         0  stm32f4xx_can.o ABSOLUTE
    StdPeriph\src\stm32f4xx_cec.c            0x00000000   Number         0  stm32f4xx_cec.o ABSOLUTE
    StdPeriph\src\stm32f4xx_crc.c            0x00000000   Number         0  stm32f4xx_crc.o ABSOLUTE
    StdPeriph\src\stm32f4xx_cryp.c           0x00000000   Number         0  stm32f4xx_cryp.o ABSOLUTE
    StdPeriph\src\stm32f4xx_cryp_aes.c       0x00000000   Number         0  stm32f4xx_cryp_aes.o ABSOLUTE
    StdPeriph\src\stm32f4xx_cryp_des.c       0x00000000   Number         0  stm32f4xx_cryp_des.o ABSOLUTE
    StdPeriph\src\stm32f4xx_cryp_tdes.c      0x00000000   Number         0  stm32f4xx_cryp_tdes.o ABSOLUTE
    StdPeriph\src\stm32f4xx_dac.c            0x00000000   Number         0  stm32f4xx_dac.o ABSOLUTE
    StdPeriph\src\stm32f4xx_dbgmcu.c         0x00000000   Number         0  stm32f4xx_dbgmcu.o ABSOLUTE
    StdPeriph\src\stm32f4xx_dcmi.c           0x00000000   Number         0  stm32f4xx_dcmi.o ABSOLUTE
    StdPeriph\src\stm32f4xx_dfsdm.c          0x00000000   Number         0  stm32f4xx_dfsdm.o ABSOLUTE
    StdPeriph\src\stm32f4xx_dma.c            0x00000000   Number         0  stm32f4xx_dma.o ABSOLUTE
    StdPeriph\src\stm32f4xx_dma2d.c          0x00000000   Number         0  stm32f4xx_dma2d.o ABSOLUTE
    StdPeriph\src\stm32f4xx_dsi.c            0x00000000   Number         0  stm32f4xx_dsi.o ABSOLUTE
    StdPeriph\src\stm32f4xx_exti.c           0x00000000   Number         0  stm32f4xx_exti.o ABSOLUTE
    StdPeriph\src\stm32f4xx_flash.c          0x00000000   Number         0  stm32f4xx_flash.o ABSOLUTE
    StdPeriph\src\stm32f4xx_flash_ramfunc.c  0x00000000   Number         0  stm32f4xx_flash_ramfunc.o ABSOLUTE
    StdPeriph\src\stm32f4xx_fmpi2c.c         0x00000000   Number         0  stm32f4xx_fmpi2c.o ABSOLUTE
    StdPeriph\src\stm32f4xx_fsmc.c           0x00000000   Number         0  stm32f4xx_fsmc.o ABSOLUTE
    StdPeriph\src\stm32f4xx_gpio.c           0x00000000   Number         0  stm32f4xx_gpio.o ABSOLUTE
    StdPeriph\src\stm32f4xx_hash.c           0x00000000   Number         0  stm32f4xx_hash.o ABSOLUTE
    StdPeriph\src\stm32f4xx_hash_md5.c       0x00000000   Number         0  stm32f4xx_hash_md5.o ABSOLUTE
    StdPeriph\src\stm32f4xx_hash_sha1.c      0x00000000   Number         0  stm32f4xx_hash_sha1.o ABSOLUTE
    StdPeriph\src\stm32f4xx_i2c.c            0x00000000   Number         0  stm32f4xx_i2c.o ABSOLUTE
    StdPeriph\src\stm32f4xx_iwdg.c           0x00000000   Number         0  stm32f4xx_iwdg.o ABSOLUTE
    StdPeriph\src\stm32f4xx_lptim.c          0x00000000   Number         0  stm32f4xx_lptim.o ABSOLUTE
    StdPeriph\src\stm32f4xx_ltdc.c           0x00000000   Number         0  stm32f4xx_ltdc.o ABSOLUTE
    StdPeriph\src\stm32f4xx_pwr.c            0x00000000   Number         0  stm32f4xx_pwr.o ABSOLUTE
    StdPeriph\src\stm32f4xx_qspi.c           0x00000000   Number         0  stm32f4xx_qspi.o ABSOLUTE
    StdPeriph\src\stm32f4xx_rcc.c            0x00000000   Number         0  stm32f4xx_rcc.o ABSOLUTE
    StdPeriph\src\stm32f4xx_rng.c            0x00000000   Number         0  stm32f4xx_rng.o ABSOLUTE
    StdPeriph\src\stm32f4xx_rtc.c            0x00000000   Number         0  stm32f4xx_rtc.o ABSOLUTE
    StdPeriph\src\stm32f4xx_sai.c            0x00000000   Number         0  stm32f4xx_sai.o ABSOLUTE
    StdPeriph\src\stm32f4xx_sdio.c           0x00000000   Number         0  stm32f4xx_sdio.o ABSOLUTE
    StdPeriph\src\stm32f4xx_spdifrx.c        0x00000000   Number         0  stm32f4xx_spdifrx.o ABSOLUTE
    StdPeriph\src\stm32f4xx_spi.c            0x00000000   Number         0  stm32f4xx_spi.o ABSOLUTE
    StdPeriph\src\stm32f4xx_syscfg.c         0x00000000   Number         0  stm32f4xx_syscfg.o ABSOLUTE
    StdPeriph\src\stm32f4xx_tim.c            0x00000000   Number         0  stm32f4xx_tim.o ABSOLUTE
    StdPeriph\src\stm32f4xx_usart.c          0x00000000   Number         0  stm32f4xx_usart.o ABSOLUTE
    StdPeriph\src\stm32f4xx_wwdg.c           0x00000000   Number         0  stm32f4xx_wwdg.o ABSOLUTE
    dc.s                                     0x00000000   Number         0  dc.o ABSOLUTE
    RESET                                    0x08000000   Section      392  startup_stm32f40xx.o(RESET)
    !!!main                                  0x08000188   Section        8  __main.o(!!!main)
    !!!scatter                               0x08000190   Section       52  __scatter.o(!!!scatter)
    !!handler_copy                           0x080001c4   Section       26  __scatter_copy.o(!!handler_copy)
    !!handler_zi                             0x080001e0   Section       28  __scatter_zi.o(!!handler_zi)
    .ARM.Collect$$_printf_percent$$00000000  0x080001fc   Section        0  _printf_percent.o(.ARM.Collect$$_printf_percent$$00000000)
    .ARM.Collect$$_printf_percent$$00000009  0x080001fc   Section        6  _printf_d.o(.ARM.Collect$$_printf_percent$$00000009)
    .ARM.Collect$$_printf_percent$$00000014  0x08000202   Section        6  _printf_s.o(.ARM.Collect$$_printf_percent$$00000014)
    .ARM.Collect$$_printf_percent$$00000017  0x08000208   Section        4  _printf_percent_end.o(.ARM.Collect$$_printf_percent$$00000017)
    .ARM.Collect$$libinit$$00000000          0x0800020c   Section        2  libinit.o(.ARM.Collect$$libinit$$00000000)
    .ARM.Collect$$libinit$$00000001          0x0800020e   Section        4  libinit2.o(.ARM.Collect$$libinit$$00000001)
    .ARM.Collect$$libinit$$00000004          0x08000212   Section        0  libinit2.o(.ARM.Collect$$libinit$$00000004)
    .ARM.Collect$$libinit$$0000000A          0x08000212   Section        0  libinit2.o(.ARM.Collect$$libinit$$0000000A)
    .ARM.Collect$$libinit$$0000000C          0x08000212   Section        0  libinit2.o(.ARM.Collect$$libinit$$0000000C)
    .ARM.Collect$$libinit$$0000000E          0x08000212   Section        0  libinit2.o(.ARM.Collect$$libinit$$0000000E)
    .ARM.Collect$$libinit$$00000011          0x08000212   Section        0  libinit2.o(.ARM.Collect$$libinit$$00000011)
    .ARM.Collect$$libinit$$00000013          0x08000212   Section        0  libinit2.o(.ARM.Collect$$libinit$$00000013)
    .ARM.Collect$$libinit$$00000015          0x08000212   Section        0  libinit2.o(.ARM.Collect$$libinit$$00000015)
    .ARM.Collect$$libinit$$00000017          0x08000212   Section        0  libinit2.o(.ARM.Collect$$libinit$$00000017)
    .ARM.Collect$$libinit$$00000019          0x08000212   Section        0  libinit2.o(.ARM.Collect$$libinit$$00000019)
    .ARM.Collect$$libinit$$0000001B          0x08000212   Section        0  libinit2.o(.ARM.Collect$$libinit$$0000001B)
    .ARM.Collect$$libinit$$0000001D          0x08000212   Section        0  libinit2.o(.ARM.Collect$$libinit$$0000001D)
    .ARM.Collect$$libinit$$0000001F          0x08000212   Section        0  libinit2.o(.ARM.Collect$$libinit$$0000001F)
    .ARM.Collect$$libinit$$00000021          0x08000212   Section        0  libinit2.o(.ARM.Collect$$libinit$$00000021)
    .ARM.Collect$$libinit$$00000023          0x08000212   Section        0  libinit2.o(.ARM.Collect$$libinit$$00000023)
    .ARM.Collect$$libinit$$00000025          0x08000212   Section        0  libinit2.o(.ARM.Collect$$libinit$$00000025)
    .ARM.Collect$$libinit$$0000002C          0x08000212   Section        0  libinit2.o(.ARM.Collect$$libinit$$0000002C)
    .ARM.Collect$$libinit$$0000002E          0x08000212   Section        0  libinit2.o(.ARM.Collect$$libinit$$0000002E)
    .ARM.Collect$$libinit$$00000030          0x08000212   Section        0  libinit2.o(.ARM.Collect$$libinit$$00000030)
    .ARM.Collect$$libinit$$00000032          0x08000212   Section        0  libinit2.o(.ARM.Collect$$libinit$$00000032)
    .ARM.Collect$$libinit$$00000033          0x08000212   Section        2  libinit2.o(.ARM.Collect$$libinit$$00000033)
    .ARM.Collect$$libshutdown$$00000000      0x08000214   Section        2  libshutdown.o(.ARM.Collect$$libshutdown$$00000000)
    .ARM.Collect$$libshutdown$$00000002      0x08000216   Section        0  libshutdown2.o(.ARM.Collect$$libshutdown$$00000002)
    .ARM.Collect$$libshutdown$$00000004      0x08000216   Section        0  libshutdown2.o(.ARM.Collect$$libshutdown$$00000004)
    .ARM.Collect$$libshutdown$$00000007      0x08000216   Section        0  libshutdown2.o(.ARM.Collect$$libshutdown$$00000007)
    .ARM.Collect$$libshutdown$$0000000A      0x08000216   Section        0  libshutdown2.o(.ARM.Collect$$libshutdown$$0000000A)
    .ARM.Collect$$libshutdown$$0000000C      0x08000216   Section        0  libshutdown2.o(.ARM.Collect$$libshutdown$$0000000C)
    .ARM.Collect$$libshutdown$$0000000F      0x08000216   Section        0  libshutdown2.o(.ARM.Collect$$libshutdown$$0000000F)
    .ARM.Collect$$libshutdown$$00000010      0x08000216   Section        2  libshutdown2.o(.ARM.Collect$$libshutdown$$00000010)
    .ARM.Collect$$rtentry$$00000000          0x08000218   Section        0  __rtentry.o(.ARM.Collect$$rtentry$$00000000)
    .ARM.Collect$$rtentry$$00000002          0x08000218   Section        0  __rtentry2.o(.ARM.Collect$$rtentry$$00000002)
    .ARM.Collect$$rtentry$$00000004          0x08000218   Section        6  __rtentry4.o(.ARM.Collect$$rtentry$$00000004)
    .ARM.Collect$$rtentry$$00000009          0x0800021e   Section        0  __rtentry2.o(.ARM.Collect$$rtentry$$00000009)
    .ARM.Collect$$rtentry$$0000000A          0x0800021e   Section        4  __rtentry2.o(.ARM.Collect$$rtentry$$0000000A)
    .ARM.Collect$$rtentry$$0000000C          0x08000222   Section        0  __rtentry2.o(.ARM.Collect$$rtentry$$0000000C)
    .ARM.Collect$$rtentry$$0000000D          0x08000222   Section        8  __rtentry2.o(.ARM.Collect$$rtentry$$0000000D)
    .ARM.Collect$$rtexit$$00000000           0x0800022a   Section        2  rtexit.o(.ARM.Collect$$rtexit$$00000000)
    .ARM.Collect$$rtexit$$00000002           0x0800022c   Section        0  rtexit2.o(.ARM.Collect$$rtexit$$00000002)
    .ARM.Collect$$rtexit$$00000003           0x0800022c   Section        4  rtexit2.o(.ARM.Collect$$rtexit$$00000003)
    .ARM.Collect$$rtexit$$00000004           0x08000230   Section        6  rtexit2.o(.ARM.Collect$$rtexit$$00000004)
    .emb_text                                0x08000238   Section      190  port.o(.emb_text)
    $v0                                      0x08000238   Number         0  port.o(.emb_text)
    .text                                    0x080002f8   Section       64  startup_stm32f40xx.o(.text)
    $v0                                      0x080002f8   Number         0  startup_stm32f40xx.o(.text)
    .text                                    0x08000338   Section        0  __2sprintf.o(.text)
    .text                                    0x08000364   Section        0  __printf.o(.text)
    .text                                    0x080003cc   Section        0  _printf_str.o(.text)
    .text                                    0x08000420   Section        0  _printf_dec.o(.text)
    .text                                    0x08000498   Section      138  rt_memcpy_v6.o(.text)
    .text                                    0x08000522   Section       16  aeabi_memset.o(.text)
    .text                                    0x08000532   Section       78  rt_memclr_w.o(.text)
    .text                                    0x08000580   Section        0  heapauxi.o(.text)
    .text                                    0x08000586   Section        0  _printf_intcommon.o(.text)
    .text                                    0x08000638   Section        0  _printf_char_common.o(.text)
    _printf_input_char                       0x08000639   Thumb Code    10  _printf_char_common.o(.text)
    .text                                    0x08000668   Section        0  _sputc.o(.text)
    .text                                    0x08000672   Section        0  _printf_char.o(.text)
    .text                                    0x0800069e   Section      100  rt_memcpy_w.o(.text)
    .text                                    0x08000702   Section       68  rt_memclr.o(.text)
    .text                                    0x08000746   Section       74  sys_stackheap_outer.o(.text)
    .text                                    0x08000790   Section        0  exit.o(.text)
    .text                                    0x080007a4   Section        8  libspace.o(.text)
    .text                                    0x080007ac   Section        0  sys_exit.o(.text)
    .text                                    0x080007b8   Section        2  use_no_semi.o(.text)
    .text                                    0x080007ba   Section        0  indicate_semi.o(.text)
    i.Accel_Init                             0x080007ba   Section        0  main.o(i.Accel_Init)
    i.GPIO_Init                              0x080007ce   Section        0  stm32f4xx_gpio.o(i.GPIO_Init)
    i.GPIO_PinAFConfig                       0x0800085e   Section        0  stm32f4xx_gpio.o(i.GPIO_PinAFConfig)
    i.GPIO_ResetBits                         0x080008a4   Section        0  stm32f4xx_gpio.o(i.GPIO_ResetBits)
    i.GPIO_SPI_Config                        0x080008a8   Section        0  spi.o(i.GPIO_SPI_Config)
    i.GPIO_SetBits                           0x08000920   Section        0  stm32f4xx_gpio.o(i.GPIO_SetBits)
    i.GPIO_UART_Config                       0x08000924   Section        0  uart.o(i.GPIO_UART_Config)
    i.Interfaces_Init                        0x0800095c   Section        0  main.o(i.Interfaces_Init)
    i.RCC_AHB1PeriphClockCmd                 0x08000970   Section        0  stm32f4xx_rcc.o(i.RCC_AHB1PeriphClockCmd)
    i.RCC_APB1PeriphClockCmd                 0x08000990   Section        0  stm32f4xx_rcc.o(i.RCC_APB1PeriphClockCmd)
    i.RCC_APB2PeriphClockCmd                 0x080009b0   Section        0  stm32f4xx_rcc.o(i.RCC_APB2PeriphClockCmd)
    i.RCC_GetClocksFreq                      0x080009d0   Section        0  stm32f4xx_rcc.o(i.RCC_GetClocksFreq)
    i.SPI_Cmd                                0x08000ab8   Section        0  stm32f4xx_spi.o(i.SPI_Cmd)
    i.SPI_Config                             0x08000ad0   Section        0  spi.o(i.SPI_Config)
    i.SPI_I2S_GetFlagStatus                  0x08000b2c   Section        0  stm32f4xx_spi.o(i.SPI_I2S_GetFlagStatus)
    i.SPI_I2S_ReceiveData                    0x08000b3e   Section        0  stm32f4xx_spi.o(i.SPI_I2S_ReceiveData)
    i.SPI_I2S_SendData                       0x08000b44   Section        0  stm32f4xx_spi.o(i.SPI_I2S_SendData)
    i.SPI_Init                               0x08000b48   Section        0  stm32f4xx_spi.o(i.SPI_Init)
    i.SPI_Receive                            0x08000b84   Section        0  spi.o(i.SPI_Receive)
    i.SPI_Send                               0x08000bfc   Section        0  spi.o(i.SPI_Send)
    i.SetSysClock                            0x08000c70   Section        0  system_stm32f4xx.o(i.SetSysClock)
    SetSysClock                              0x08000c71   Thumb Code   220  system_stm32f4xx.o(i.SetSysClock)
    i.SysTick_Handler                        0x08000d5c   Section        0  port.o(i.SysTick_Handler)
    i.SystemInit                             0x08000d90   Section        0  system_stm32f4xx.o(i.SystemInit)
    i.UART_Config                            0x08000df8   Section        0  uart.o(i.UART_Config)
    i.UART_SendData                          0x08000e38   Section        0  uart.o(i.UART_SendData)
    i.USART_Cmd                              0x08000e58   Section        0  stm32f4xx_usart.o(i.USART_Cmd)
    i.USART_GetFlagStatus                    0x08000e70   Section        0  stm32f4xx_usart.o(i.USART_GetFlagStatus)
    i.USART_Init                             0x08000e8c   Section        0  stm32f4xx_usart.o(i.USART_Init)
    i.USART_SendData                         0x08000f60   Section        0  stm32f4xx_usart.o(i.USART_SendData)
    i.main                                   0x08000f68   Section        0  main.o(i.main)
    i.printCoords                            0x08000fcc   Section        0  main.o(i.printCoords)
    i.prvAddCurrentTaskToDelayedList         0x0800102c   Section        0  tasks.o(i.prvAddCurrentTaskToDelayedList)
    prvAddCurrentTaskToDelayedList           0x0800102d   Thumb Code   124  tasks.o(i.prvAddCurrentTaskToDelayedList)
    i.prvAddNewTaskToReadyList               0x080010c4   Section        0  tasks.o(i.prvAddNewTaskToReadyList)
    prvAddNewTaskToReadyList                 0x080010c5   Thumb Code   156  tasks.o(i.prvAddNewTaskToReadyList)
    i.prvCheckForValidListAndQueue           0x0800117c   Section        0  timers.o(i.prvCheckForValidListAndQueue)
    prvCheckForValidListAndQueue             0x0800117d   Thumb Code    72  timers.o(i.prvCheckForValidListAndQueue)
    i.prvCheckTasksWaitingTermination        0x080011e0   Section        0  tasks.o(i.prvCheckTasksWaitingTermination)
    prvCheckTasksWaitingTermination          0x080011e1   Thumb Code    60  tasks.o(i.prvCheckTasksWaitingTermination)
    i.prvCopyDataFromQueue                   0x08001228   Section        0  queue.o(i.prvCopyDataFromQueue)
    prvCopyDataFromQueue                     0x08001229   Thumb Code    42  queue.o(i.prvCopyDataFromQueue)
    i.prvCopyDataToQueue                     0x08001252   Section        0  queue.o(i.prvCopyDataToQueue)
    prvCopyDataToQueue                       0x08001253   Thumb Code   126  queue.o(i.prvCopyDataToQueue)
    i.prvDeleteTCB                           0x080012d0   Section        0  tasks.o(i.prvDeleteTCB)
    prvDeleteTCB                             0x080012d1   Thumb Code    18  tasks.o(i.prvDeleteTCB)
    i.prvGetNextExpireTime                   0x080012e4   Section        0  timers.o(i.prvGetNextExpireTime)
    prvGetNextExpireTime                     0x080012e5   Thumb Code    36  timers.o(i.prvGetNextExpireTime)
    i.prvHeapInit                            0x0800130c   Section        0  heap_4.o(i.prvHeapInit)
    prvHeapInit                              0x0800130d   Thumb Code    98  heap_4.o(i.prvHeapInit)
    i.prvIdleTask                            0x08001388   Section        0  tasks.o(i.prvIdleTask)
    prvIdleTask                              0x08001389   Thumb Code    36  tasks.o(i.prvIdleTask)
    i.prvInitialiseNewQueue                  0x080013b4   Section        0  queue.o(i.prvInitialiseNewQueue)
    prvInitialiseNewQueue                    0x080013b5   Thumb Code    42  queue.o(i.prvInitialiseNewQueue)
    i.prvInitialiseNewTask                   0x080013de   Section        0  tasks.o(i.prvInitialiseNewTask)
    prvInitialiseNewTask                     0x080013df   Thumb Code   190  tasks.o(i.prvInitialiseNewTask)
    i.prvInitialiseTaskLists                 0x0800149c   Section        0  tasks.o(i.prvInitialiseTaskLists)
    prvInitialiseTaskLists                   0x0800149d   Thumb Code    70  tasks.o(i.prvInitialiseTaskLists)
    i.prvInsertBlockIntoFreeList             0x08001504   Section        0  heap_4.o(i.prvInsertBlockIntoFreeList)
    prvInsertBlockIntoFreeList               0x08001505   Thumb Code    96  heap_4.o(i.prvInsertBlockIntoFreeList)
    i.prvInsertTimerInActiveList             0x0800156c   Section        0  timers.o(i.prvInsertTimerInActiveList)
    prvInsertTimerInActiveList               0x0800156d   Thumb Code    80  timers.o(i.prvInsertTimerInActiveList)
    i.prvIsQueueEmpty                        0x080015c4   Section        0  queue.o(i.prvIsQueueEmpty)
    prvIsQueueEmpty                          0x080015c5   Thumb Code    26  queue.o(i.prvIsQueueEmpty)
    i.prvIsQueueFull                         0x080015de   Section        0  queue.o(i.prvIsQueueFull)
    prvIsQueueFull                           0x080015df   Thumb Code    30  queue.o(i.prvIsQueueFull)
    i.prvProcessExpiredTimer                 0x080015fc   Section        0  timers.o(i.prvProcessExpiredTimer)
    prvProcessExpiredTimer                   0x080015fd   Thumb Code   110  timers.o(i.prvProcessExpiredTimer)
    i.prvProcessReceivedCommands             0x08001670   Section        0  timers.o(i.prvProcessReceivedCommands)
    prvProcessReceivedCommands               0x08001671   Thumb Code   308  timers.o(i.prvProcessReceivedCommands)
    i.prvProcessTimerOrBlockTask             0x080017a8   Section        0  timers.o(i.prvProcessTimerOrBlockTask)
    prvProcessTimerOrBlockTask               0x080017a9   Thumb Code   102  timers.o(i.prvProcessTimerOrBlockTask)
    i.prvResetNextTaskUnblockTime            0x0800181c   Section        0  tasks.o(i.prvResetNextTaskUnblockTime)
    prvResetNextTaskUnblockTime              0x0800181d   Thumb Code    42  tasks.o(i.prvResetNextTaskUnblockTime)
    i.prvSampleTimeNow                       0x08001850   Section        0  timers.o(i.prvSampleTimeNow)
    prvSampleTimeNow                         0x08001851   Thumb Code    40  timers.o(i.prvSampleTimeNow)
    i.prvSwitchTimerLists                    0x0800187c   Section        0  timers.o(i.prvSwitchTimerLists)
    prvSwitchTimerLists                      0x0800187d   Thumb Code   154  timers.o(i.prvSwitchTimerLists)
    i.prvTaskExitError                       0x08001920   Section        0  port.o(i.prvTaskExitError)
    prvTaskExitError                         0x08001921   Thumb Code    60  port.o(i.prvTaskExitError)
    i.prvTimerTask                           0x08001960   Section        0  timers.o(i.prvTimerTask)
    prvTimerTask                             0x08001961   Thumb Code    26  timers.o(i.prvTimerTask)
    i.prvUnlockQueue                         0x0800197a   Section        0  queue.o(i.prvUnlockQueue)
    prvUnlockQueue                           0x0800197b   Thumb Code   126  queue.o(i.prvUnlockQueue)
    i.pvPortMalloc                           0x080019f8   Section        0  heap_4.o(i.pvPortMalloc)
    i.pxPortInitialiseStack                  0x08001b4c   Section        0  port.o(i.pxPortInitialiseStack)
    i.uxListRemove                           0x08001b78   Section        0  list.o(i.uxListRemove)
    i.vApplicationIdleHook                   0x08001ba0   Section        0  main.o(i.vApplicationIdleHook)
    i.vApplicationMallocFailedHook           0x08001ba2   Section        0  main.o(i.vApplicationMallocFailedHook)
    i.vApplicationStackOverflowHook          0x08001ba4   Section        0  main.o(i.vApplicationStackOverflowHook)
    i.vApplicationTickHook                   0x08001ba6   Section        0  main.o(i.vApplicationTickHook)
    i.vListInitialise                        0x08001ba8   Section        0  list.o(i.vListInitialise)
    i.vListInitialiseItem                    0x08001bc2   Section        0  list.o(i.vListInitialiseItem)
    i.vListInsert                            0x08001bc8   Section        0  list.o(i.vListInsert)
    i.vListInsertEnd                         0x08001bfc   Section        0  list.o(i.vListInsertEnd)
    i.vPortEnterCritical                     0x08001c14   Section        0  port.o(i.vPortEnterCritical)
    i.vPortExitCritical                      0x08001c68   Section        0  port.o(i.vPortExitCritical)
    i.vPortFree                              0x08001ca4   Section        0  heap_4.o(i.vPortFree)
    i.vPortSetupTimerInterrupt               0x08001d48   Section        0  port.o(i.vPortSetupTimerInterrupt)
    i.vPortValidateInterruptPriority         0x08001d70   Section        0  port.o(i.vPortValidateInterruptPriority)
    i.vQueueAddToRegistry                    0x08001de8   Section        0  queue.o(i.vQueueAddToRegistry)
    i.vQueueWaitForMessageRestricted         0x08001e14   Section        0  queue.o(i.vQueueWaitForMessageRestricted)
    i.vTaskDelay                             0x08001e60   Section        0  tasks.o(i.vTaskDelay)
    i.vTaskDisplayXY                         0x08001ebc   Section        0  main.o(i.vTaskDisplayXY)
    i.vTaskGetXY                             0x08001ef4   Section        0  main.o(i.vTaskGetXY)
    i.vTaskInternalSetTimeOutState           0x08001f28   Section        0  tasks.o(i.vTaskInternalSetTimeOutState)
    i.vTaskMissedYield                       0x08001f40   Section        0  tasks.o(i.vTaskMissedYield)
    i.vTaskPlaceOnEventList                  0x08001f4c   Section        0  tasks.o(i.vTaskPlaceOnEventList)
    i.vTaskPlaceOnEventListRestricted        0x08001f84   Section        0  tasks.o(i.vTaskPlaceOnEventListRestricted)
    i.vTaskStartScheduler                    0x08001fc4   Section        0  tasks.o(i.vTaskStartScheduler)
    i.vTaskSuspendAll                        0x08002058   Section        0  tasks.o(i.vTaskSuspendAll)
    i.vTaskSwitchContext                     0x08002068   Section        0  tasks.o(i.vTaskSwitchContext)
    i.xPortStartScheduler                    0x0800212c   Section        0  port.o(i.xPortStartScheduler)
    i.xQueueGenericCreate                    0x080022bc   Section        0  queue.o(i.xQueueGenericCreate)
    i.xQueueGenericReset                     0x08002310   Section        0  queue.o(i.xQueueGenericReset)
    i.xQueueGenericSend                      0x080023a8   Section        0  queue.o(i.xQueueGenericSend)
    i.xQueueGenericSendFromISR               0x08002550   Section        0  queue.o(i.xQueueGenericSendFromISR)
    i.xQueueReceive                          0x0800264c   Section        0  queue.o(i.xQueueReceive)
    i.xTaskCheckForTimeOut                   0x080027b4   Section        0  tasks.o(i.xTaskCheckForTimeOut)
    i.xTaskCreate                            0x08002840   Section        0  tasks.o(i.xTaskCreate)
    i.xTaskGetSchedulerState                 0x080028a0   Section        0  tasks.o(i.xTaskGetSchedulerState)
    i.xTaskGetTickCount                      0x080028c0   Section        0  tasks.o(i.xTaskGetTickCount)
    i.xTaskIncrementTick                     0x080028cc   Section        0  tasks.o(i.xTaskIncrementTick)
    i.xTaskPriorityDisinherit                0x08002a24   Section        0  tasks.o(i.xTaskPriorityDisinherit)
    i.xTaskRemoveFromEventList               0x08002aec   Section        0  tasks.o(i.xTaskRemoveFromEventList)
    i.xTaskResumeAll                         0x08002b84   Section        0  tasks.o(i.xTaskResumeAll)
    i.xTimerCreateTimerTask                  0x08002c88   Section        0  timers.o(i.xTimerCreateTimerTask)
    i.xTimerGenericCommand                   0x08002ce0   Section        0  timers.o(i.xTimerGenericCommand)
    x$fpl$fpinit                             0x08002d64   Section       10  fpinit.o(x$fpl$fpinit)
    $v0                                      0x08002d64   Number         0  fpinit.o(x$fpl$fpinit)
    .data                                    0x20000000   Section       32  heap_4.o(.data)
    xStart                                   0x20000000   Data           8  heap_4.o(.data)
    pxEnd                                    0x20000008   Data           4  heap_4.o(.data)
    xFreeBytesRemaining                      0x2000000c   Data           4  heap_4.o(.data)
    xMinimumEverFreeBytesRemaining           0x20000010   Data           4  heap_4.o(.data)
    xNumberOfSuccessfulAllocations           0x20000014   Data           4  heap_4.o(.data)
    xNumberOfSuccessfulFrees                 0x20000018   Data           4  heap_4.o(.data)
    xBlockAllocatedBit                       0x2000001c   Data           4  heap_4.o(.data)
    .data                                    0x20000020   Section       12  port.o(.data)
    uxCriticalNesting                        0x20000020   Data           4  port.o(.data)
    ucMaxSysCallPriority                     0x20000024   Data           1  port.o(.data)
    ulMaxPRIGROUPValue                       0x20000028   Data           4  port.o(.data)
    .data                                    0x2000002c   Section       60  tasks.o(.data)
    pxDelayedTaskList                        0x20000030   Data           4  tasks.o(.data)
    pxOverflowDelayedTaskList                0x20000034   Data           4  tasks.o(.data)
    uxDeletedTasksWaitingCleanUp             0x20000038   Data           4  tasks.o(.data)
    uxCurrentNumberOfTasks                   0x2000003c   Data           4  tasks.o(.data)
    xTickCount                               0x20000040   Data           4  tasks.o(.data)
    uxTopReadyPriority                       0x20000044   Data           4  tasks.o(.data)
    xSchedulerRunning                        0x20000048   Data           4  tasks.o(.data)
    xPendedTicks                             0x2000004c   Data           4  tasks.o(.data)
    xYieldPending                            0x20000050   Data           4  tasks.o(.data)
    xNumOfOverflows                          0x20000054   Data           4  tasks.o(.data)
    uxTaskNumber                             0x20000058   Data           4  tasks.o(.data)
    xNextTaskUnblockTime                     0x2000005c   Data           4  tasks.o(.data)
    xIdleTaskHandle                          0x20000060   Data           4  tasks.o(.data)
    uxSchedulerSuspended                     0x20000064   Data           4  tasks.o(.data)
    .data                                    0x20000068   Section       20  timers.o(.data)
    pxCurrentTimerList                       0x20000068   Data           4  timers.o(.data)
    pxOverflowTimerList                      0x2000006c   Data           4  timers.o(.data)
    xTimerQueue                              0x20000070   Data           4  timers.o(.data)
    xTimerTaskHandle                         0x20000074   Data           4  timers.o(.data)
    xLastTime                                0x20000078   Data           4  timers.o(.data)
    .data                                    0x2000007c   Section       20  system_stm32f4xx.o(.data)
    .data                                    0x20000090   Section        8  main.o(.data)
    .data                                    0x20000098   Section       16  stm32f4xx_rcc.o(.data)
    APBAHBPrescTable                         0x20000098   Data          16  stm32f4xx_rcc.o(.data)
    .bss                                     0x200000a8   Section    76800  heap_4.o(.bss)
    ucHeap                                   0x200000a8   Data       76800  heap_4.o(.bss)
    .bss                                     0x20012ca8   Section       64  queue.o(.bss)
    .bss                                     0x20012ce8   Section      200  tasks.o(.bss)
    pxReadyTasksLists                        0x20012ce8   Data         100  tasks.o(.bss)
    xDelayedTaskList1                        0x20012d4c   Data          20  tasks.o(.bss)
    xDelayedTaskList2                        0x20012d60   Data          20  tasks.o(.bss)
    xPendingReadyList                        0x20012d74   Data          20  tasks.o(.bss)
    xTasksWaitingTermination                 0x20012d88   Data          20  tasks.o(.bss)
    xSuspendedTaskList                       0x20012d9c   Data          20  tasks.o(.bss)
    .bss                                     0x20012db0   Section       40  timers.o(.bss)
    xActiveTimerList1                        0x20012db0   Data          20  timers.o(.bss)
    xActiveTimerList2                        0x20012dc4   Data          20  timers.o(.bss)
    .bss                                     0x20012dd8   Section       20  main.o(.bss)
    .bss                                     0x20012dec   Section       96  libspace.o(.bss)
    HEAP                                     0x20012e50   Section      512  startup_stm32f40xx.o(HEAP)
    Heap_Mem                                 0x20012e50   Data         512  startup_stm32f40xx.o(HEAP)
    STACK                                    0x20013050   Section     1024  startup_stm32f40xx.o(STACK)
    Stack_Mem                                0x20013050   Data        1024  startup_stm32f40xx.o(STACK)
    __initial_sp                             0x20013450   Data           0  startup_stm32f40xx.o(STACK)

    Global Symbols

    Symbol Name                              Value     Ov Type        Size  Object(Section)

    BuildAttributes$$THM_ISAv4$E$P$D$K$B$S$7EM$VFPi3$EXTD16$VFPS$VFMA$PE$A:L22UL41UL21$X:L11$S22US41US21$IEEE1$IW$USESV6$~STKCKD$USESV7$~SHL$OTIME$ROPI$IEEEX$EBA8$UX$STANDARDLIB$REQ8$PRES8$EABIv2 0x00000000   Number         0  anon$$obj.o ABSOLUTE
    __ARM_use_no_argv                        0x00000000   Number         0  main.o ABSOLUTE
    _printf_flags                            0x00000000   Number         0  printf_stubs.o ABSOLUTE
    _printf_return_value                     0x00000000   Number         0  printf_stubs.o ABSOLUTE
    _printf_sizespec                         0x00000000   Number         0  printf_stubs.o ABSOLUTE
    _printf_widthprec                        0x00000000   Number         0  printf_stubs.o ABSOLUTE
    __ARM_exceptions_init                     - Undefined Weak Reference
    __alloca_initialize                       - Undefined Weak Reference
    __arm_preinit_                            - Undefined Weak Reference
    __cpp_initialize__aeabi_                  - Undefined Weak Reference
    __cxa_finalize                            - Undefined Weak Reference
    __rt_locale                               - Undefined Weak Reference
    __sigvec_lookup                           - Undefined Weak Reference
    _atexit_init                              - Undefined Weak Reference
    _call_atexit_fns                          - Undefined Weak Reference
    _clock_init                               - Undefined Weak Reference
    _fp_trap_init                             - Undefined Weak Reference
    _fp_trap_shutdown                         - Undefined Weak Reference
    _get_lc_collate                           - Undefined Weak Reference
    _get_lc_ctype                             - Undefined Weak Reference
    _get_lc_monetary                          - Undefined Weak Reference
    _get_lc_numeric                           - Undefined Weak Reference
    _get_lc_time                              - Undefined Weak Reference
    _getenv_init                              - Undefined Weak Reference
    _handle_redirection                       - Undefined Weak Reference
    _init_alloc                               - Undefined Weak Reference
    _init_user_alloc                          - Undefined Weak Reference
    _initio                                   - Undefined Weak Reference
    _printf_mbtowc                            - Undefined Weak Reference
    _printf_post_padding                      - Undefined Weak Reference
    _printf_pre_padding                       - Undefined Weak Reference
    _printf_truncate_signed                   - Undefined Weak Reference
    _printf_truncate_unsigned                 - Undefined Weak Reference
    _rand_init                                - Undefined Weak Reference
    _signal_finish                            - Undefined Weak Reference
    _signal_init                              - Undefined Weak Reference
    _terminate_alloc                          - Undefined Weak Reference
    _terminate_user_alloc                     - Undefined Weak Reference
    _terminateio                              - Undefined Weak Reference
    __Vectors_Size                           0x00000188   Number         0  startup_stm32f40xx.o ABSOLUTE
    __Vectors                                0x08000000   Data           4  startup_stm32f40xx.o(RESET)
    __Vectors_End                            0x08000188   Data           0  startup_stm32f40xx.o(RESET)
    __main                                   0x08000189   Thumb Code     8  __main.o(!!!main)
    __scatterload                            0x08000191   Thumb Code     0  __scatter.o(!!!scatter)
    __scatterload_rt2                        0x08000191   Thumb Code    44  __scatter.o(!!!scatter)
    __scatterload_rt2_thumb_only             0x08000191   Thumb Code     0  __scatter.o(!!!scatter)
    __scatterload_null                       0x0800019f   Thumb Code     0  __scatter.o(!!!scatter)
    __scatterload_copy                       0x080001c5   Thumb Code    26  __scatter_copy.o(!!handler_copy)
    __scatterload_zeroinit                   0x080001e1   Thumb Code    28  __scatter_zi.o(!!handler_zi)
    _printf_d                                0x080001fd   Thumb Code     0  _printf_d.o(.ARM.Collect$$_printf_percent$$00000009)
    _printf_percent                          0x080001fd   Thumb Code     0  _printf_percent.o(.ARM.Collect$$_printf_percent$$00000000)
    _printf_s                                0x08000203   Thumb Code     0  _printf_s.o(.ARM.Collect$$_printf_percent$$00000014)
    _printf_percent_end                      0x08000209   Thumb Code     0  _printf_percent_end.o(.ARM.Collect$$_printf_percent$$00000017)
    __rt_lib_init                            0x0800020d   Thumb Code     0  libinit.o(.ARM.Collect$$libinit$$00000000)
    __rt_lib_init_fp_1                       0x0800020f   Thumb Code     0  libinit2.o(.ARM.Collect$$libinit$$00000001)
    __rt_lib_init_alloca_1                   0x08000213   Thumb Code     0  libinit2.o(.ARM.Collect$$libinit$$0000002E)
    __rt_lib_init_argv_1                     0x08000213   Thumb Code     0  libinit2.o(.ARM.Collect$$libinit$$0000002C)
    __rt_lib_init_atexit_1                   0x08000213   Thumb Code     0  libinit2.o(.ARM.Collect$$libinit$$0000001B)
    __rt_lib_init_clock_1                    0x08000213   Thumb Code     0  libinit2.o(.ARM.Collect$$libinit$$00000021)
    __rt_lib_init_cpp_1                      0x08000213   Thumb Code     0  libinit2.o(.ARM.Collect$$libinit$$00000032)
    __rt_lib_init_exceptions_1               0x08000213   Thumb Code     0  libinit2.o(.ARM.Collect$$libinit$$00000030)
    __rt_lib_init_fp_trap_1                  0x08000213   Thumb Code     0  libinit2.o(.ARM.Collect$$libinit$$0000001F)
    __rt_lib_init_getenv_1                   0x08000213   Thumb Code     0  libinit2.o(.ARM.Collect$$libinit$$00000023)
    __rt_lib_init_heap_1                     0x08000213   Thumb Code     0  libinit2.o(.ARM.Collect$$libinit$$0000000A)
    __rt_lib_init_lc_collate_1               0x08000213   Thumb Code     0  libinit2.o(.ARM.Collect$$libinit$$00000011)
    __rt_lib_init_lc_ctype_1                 0x08000213   Thumb Code     0  libinit2.o(.ARM.Collect$$libinit$$00000013)
    __rt_lib_init_lc_monetary_1              0x08000213   Thumb Code     0  libinit2.o(.ARM.Collect$$libinit$$00000015)
    __rt_lib_init_lc_numeric_1               0x08000213   Thumb Code     0  libinit2.o(.ARM.Collect$$libinit$$00000017)
    __rt_lib_init_lc_time_1                  0x08000213   Thumb Code     0  libinit2.o(.ARM.Collect$$libinit$$00000019)
    __rt_lib_init_preinit_1                  0x08000213   Thumb Code     0  libinit2.o(.ARM.Collect$$libinit$$00000004)
    __rt_lib_init_rand_1                     0x08000213   Thumb Code     0  libinit2.o(.ARM.Collect$$libinit$$0000000E)
    __rt_lib_init_return                     0x08000213   Thumb Code     0  libinit2.o(.ARM.Collect$$libinit$$00000033)
    __rt_lib_init_signal_1                   0x08000213   Thumb Code     0  libinit2.o(.ARM.Collect$$libinit$$0000001D)
    __rt_lib_init_stdio_1                    0x08000213   Thumb Code     0  libinit2.o(.ARM.Collect$$libinit$$00000025)
    __rt_lib_init_user_alloc_1               0x08000213   Thumb Code     0  libinit2.o(.ARM.Collect$$libinit$$0000000C)
    __rt_lib_shutdown                        0x08000215   Thumb Code     0  libshutdown.o(.ARM.Collect$$libshutdown$$00000000)
    __rt_lib_shutdown_cpp_1                  0x08000217   Thumb Code     0  libshutdown2.o(.ARM.Collect$$libshutdown$$00000002)
    __rt_lib_shutdown_fp_trap_1              0x08000217   Thumb Code     0  libshutdown2.o(.ARM.Collect$$libshutdown$$00000007)
    __rt_lib_shutdown_heap_1                 0x08000217   Thumb Code     0  libshutdown2.o(.ARM.Collect$$libshutdown$$0000000F)
    __rt_lib_shutdown_return                 0x08000217   Thumb Code     0  libshutdown2.o(.ARM.Collect$$libshutdown$$00000010)
    __rt_lib_shutdown_signal_1               0x08000217   Thumb Code     0  libshutdown2.o(.ARM.Collect$$libshutdown$$0000000A)
    __rt_lib_shutdown_stdio_1                0x08000217   Thumb Code     0  libshutdown2.o(.ARM.Collect$$libshutdown$$00000004)
    __rt_lib_shutdown_user_alloc_1           0x08000217   Thumb Code     0  libshutdown2.o(.ARM.Collect$$libshutdown$$0000000C)
    __rt_entry                               0x08000219   Thumb Code     0  __rtentry.o(.ARM.Collect$$rtentry$$00000000)
    __rt_entry_presh_1                       0x08000219   Thumb Code     0  __rtentry2.o(.ARM.Collect$$rtentry$$00000002)
    __rt_entry_sh                            0x08000219   Thumb Code     0  __rtentry4.o(.ARM.Collect$$rtentry$$00000004)
    __rt_entry_li                            0x0800021f   Thumb Code     0  __rtentry2.o(.ARM.Collect$$rtentry$$0000000A)
    __rt_entry_postsh_1                      0x0800021f   Thumb Code     0  __rtentry2.o(.ARM.Collect$$rtentry$$00000009)
    __rt_entry_main                          0x08000223   Thumb Code     0  __rtentry2.o(.ARM.Collect$$rtentry$$0000000D)
    __rt_entry_postli_1                      0x08000223   Thumb Code     0  __rtentry2.o(.ARM.Collect$$rtentry$$0000000C)
    __rt_exit                                0x0800022b   Thumb Code     0  rtexit.o(.ARM.Collect$$rtexit$$00000000)
    __rt_exit_ls                             0x0800022d   Thumb Code     0  rtexit2.o(.ARM.Collect$$rtexit$$00000003)
    __rt_exit_prels_1                        0x0800022d   Thumb Code     0  rtexit2.o(.ARM.Collect$$rtexit$$00000002)
    __rt_exit_exit                           0x08000231   Thumb Code     0  rtexit2.o(.ARM.Collect$$rtexit$$00000004)
    SVC_Handler                              0x08000239   Thumb Code    28  port.o(.emb_text)
    __asm___6_port_c_39a90d8d__prvStartFirstTask 0x08000259   Thumb Code    36  port.o(.emb_text)
    __asm___6_port_c_39a90d8d__prvEnableVFP  0x08000281   Thumb Code    16  port.o(.emb_text)
    PendSV_Handler                           0x08000295   Thumb Code    88  port.o(.emb_text)
    vPortGetIPSR                             0x080002f1   Thumb Code     6  port.o(.emb_text)
    Reset_Handler                            0x080002f9   Thumb Code     8  startup_stm32f40xx.o(.text)
    NMI_Handler                              0x08000301   Thumb Code     2  startup_stm32f40xx.o(.text)
    HardFault_Handler                        0x08000303   Thumb Code     2  startup_stm32f40xx.o(.text)
    MemManage_Handler                        0x08000305   Thumb Code     2  startup_stm32f40xx.o(.text)
    BusFault_Handler                         0x08000307   Thumb Code     2  startup_stm32f40xx.o(.text)
    UsageFault_Handler                       0x08000309   Thumb Code     2  startup_stm32f40xx.o(.text)
    DebugMon_Handler                         0x0800030d   Thumb Code     2  startup_stm32f40xx.o(.text)
    ADC_IRQHandler                           0x08000313   Thumb Code     0  startup_stm32f40xx.o(.text)
    CAN1_RX0_IRQHandler                      0x08000313   Thumb Code     0  startup_stm32f40xx.o(.text)
    CAN1_RX1_IRQHandler                      0x08000313   Thumb Code     0  startup_stm32f40xx.o(.text)
    CAN1_SCE_IRQHandler                      0x08000313   Thumb Code     0  startup_stm32f40xx.o(.text)
    CAN1_TX_IRQHandler                       0x08000313   Thumb Code     0  startup_stm32f40xx.o(.text)
    CAN2_RX0_IRQHandler                      0x08000313   Thumb Code     0  startup_stm32f40xx.o(.text)
    CAN2_RX1_IRQHandler                      0x08000313   Thumb Code     0  startup_stm32f40xx.o(.text)
    CAN2_SCE_IRQHandler                      0x08000313   Thumb Code     0  startup_stm32f40xx.o(.text)
    CAN2_TX_IRQHandler                       0x08000313   Thumb Code     0  startup_stm32f40xx.o(.text)
    CRYP_IRQHandler                          0x08000313   Thumb Code     0  startup_stm32f40xx.o(.text)
    DCMI_IRQHandler                          0x08000313   Thumb Code     0  startup_stm32f40xx.o(.text)
    DMA1_Stream0_IRQHandler                  0x08000313   Thumb Code     0  startup_stm32f40xx.o(.text)
    DMA1_Stream1_IRQHandler                  0x08000313   Thumb Code     0  startup_stm32f40xx.o(.text)
    DMA1_Stream2_IRQHandler                  0x08000313   Thumb Code     0  startup_stm32f40xx.o(.text)
    DMA1_Stream3_IRQHandler                  0x08000313   Thumb Code     0  startup_stm32f40xx.o(.text)
    DMA1_Stream4_IRQHandler                  0x08000313   Thumb Code     0  startup_stm32f40xx.o(.text)
    DMA1_Stream5_IRQHandler                  0x08000313   Thumb Code     0  startup_stm32f40xx.o(.text)
    DMA1_Stream6_IRQHandler                  0x08000313   Thumb Code     0  startup_stm32f40xx.o(.text)
    DMA1_Stream7_IRQHandler                  0x08000313   Thumb Code     0  startup_stm32f40xx.o(.text)
    DMA2_Stream0_IRQHandler                  0x08000313   Thumb Code     0  startup_stm32f40xx.o(.text)
    DMA2_Stream1_IRQHandler                  0x08000313   Thumb Code     0  startup_stm32f40xx.o(.text)
    DMA2_Stream2_IRQHandler                  0x08000313   Thumb Code     0  startup_stm32f40xx.o(.text)
    DMA2_Stream3_IRQHandler                  0x08000313   Thumb Code     0  startup_stm32f40xx.o(.text)
    DMA2_Stream4_IRQHandler                  0x08000313   Thumb Code     0  startup_stm32f40xx.o(.text)
    DMA2_Stream5_IRQHandler                  0x08000313   Thumb Code     0  startup_stm32f40xx.o(.text)
    DMA2_Stream6_IRQHandler                  0x08000313   Thumb Code     0  startup_stm32f40xx.o(.text)
    DMA2_Stream7_IRQHandler                  0x08000313   Thumb Code     0  startup_stm32f40xx.o(.text)
    ETH_IRQHandler                           0x08000313   Thumb Code     0  startup_stm32f40xx.o(.text)
    ETH_WKUP_IRQHandler                      0x08000313   Thumb Code     0  startup_stm32f40xx.o(.text)
    EXTI0_IRQHandler                         0x08000313   Thumb Code     0  startup_stm32f40xx.o(.text)
    EXTI15_10_IRQHandler                     0x08000313   Thumb Code     0  startup_stm32f40xx.o(.text)
    EXTI1_IRQHandler                         0x08000313   Thumb Code     0  startup_stm32f40xx.o(.text)
    EXTI2_IRQHandler                         0x08000313   Thumb Code     0  startup_stm32f40xx.o(.text)
    EXTI3_IRQHandler                         0x08000313   Thumb Code     0  startup_stm32f40xx.o(.text)
    EXTI4_IRQHandler                         0x08000313   Thumb Code     0  startup_stm32f40xx.o(.text)
    EXTI9_5_IRQHandler                       0x08000313   Thumb Code     0  startup_stm32f40xx.o(.text)
    FLASH_IRQHandler                         0x08000313   Thumb Code     0  startup_stm32f40xx.o(.text)
    FPU_IRQHandler                           0x08000313   Thumb Code     0  startup_stm32f40xx.o(.text)
    FSMC_IRQHandler                          0x08000313   Thumb Code     0  startup_stm32f40xx.o(.text)
    HASH_RNG_IRQHandler                      0x08000313   Thumb Code     0  startup_stm32f40xx.o(.text)
    I2C1_ER_IRQHandler                       0x08000313   Thumb Code     0  startup_stm32f40xx.o(.text)
    I2C1_EV_IRQHandler                       0x08000313   Thumb Code     0  startup_stm32f40xx.o(.text)
    I2C2_ER_IRQHandler                       0x08000313   Thumb Code     0  startup_stm32f40xx.o(.text)
    I2C2_EV_IRQHandler                       0x08000313   Thumb Code     0  startup_stm32f40xx.o(.text)
    I2C3_ER_IRQHandler                       0x08000313   Thumb Code     0  startup_stm32f40xx.o(.text)
    I2C3_EV_IRQHandler                       0x08000313   Thumb Code     0  startup_stm32f40xx.o(.text)
    OTG_FS_IRQHandler                        0x08000313   Thumb Code     0  startup_stm32f40xx.o(.text)
    OTG_FS_WKUP_IRQHandler                   0x08000313   Thumb Code     0  startup_stm32f40xx.o(.text)
    OTG_HS_EP1_IN_IRQHandler                 0x08000313   Thumb Code     0  startup_stm32f40xx.o(.text)
    OTG_HS_EP1_OUT_IRQHandler                0x08000313   Thumb Code     0  startup_stm32f40xx.o(.text)
    OTG_HS_IRQHandler                        0x08000313   Thumb Code     0  startup_stm32f40xx.o(.text)
    OTG_HS_WKUP_IRQHandler                   0x08000313   Thumb Code     0  startup_stm32f40xx.o(.text)
    PVD_IRQHandler                           0x08000313   Thumb Code     0  startup_stm32f40xx.o(.text)
    RCC_IRQHandler                           0x08000313   Thumb Code     0  startup_stm32f40xx.o(.text)
    RTC_Alarm_IRQHandler                     0x08000313   Thumb Code     0  startup_stm32f40xx.o(.text)
    RTC_WKUP_IRQHandler                      0x08000313   Thumb Code     0  startup_stm32f40xx.o(.text)
    SDIO_IRQHandler                          0x08000313   Thumb Code     0  startup_stm32f40xx.o(.text)
    SPI1_IRQHandler                          0x08000313   Thumb Code     0  startup_stm32f40xx.o(.text)
    SPI2_IRQHandler                          0x08000313   Thumb Code     0  startup_stm32f40xx.o(.text)
    SPI3_IRQHandler                          0x08000313   Thumb Code     0  startup_stm32f40xx.o(.text)
    TAMP_STAMP_IRQHandler                    0x08000313   Thumb Code     0  startup_stm32f40xx.o(.text)
    TIM1_BRK_TIM9_IRQHandler                 0x08000313   Thumb Code     0  startup_stm32f40xx.o(.text)
    TIM1_CC_IRQHandler                       0x08000313   Thumb Code     0  startup_stm32f40xx.o(.text)
    TIM1_TRG_COM_TIM11_IRQHandler            0x08000313   Thumb Code     0  startup_stm32f40xx.o(.text)
    TIM1_UP_TIM10_IRQHandler                 0x08000313   Thumb Code     0  startup_stm32f40xx.o(.text)
    TIM2_IRQHandler                          0x08000313   Thumb Code     0  startup_stm32f40xx.o(.text)
    TIM3_IRQHandler                          0x08000313   Thumb Code     0  startup_stm32f40xx.o(.text)
    TIM4_IRQHandler                          0x08000313   Thumb Code     0  startup_stm32f40xx.o(.text)
    TIM5_IRQHandler                          0x08000313   Thumb Code     0  startup_stm32f40xx.o(.text)
    TIM6_DAC_IRQHandler                      0x08000313   Thumb Code     0  startup_stm32f40xx.o(.text)
    TIM7_IRQHandler                          0x08000313   Thumb Code     0  startup_stm32f40xx.o(.text)
    TIM8_BRK_TIM12_IRQHandler                0x08000313   Thumb Code     0  startup_stm32f40xx.o(.text)
    TIM8_CC_IRQHandler                       0x08000313   Thumb Code     0  startup_stm32f40xx.o(.text)
    TIM8_TRG_COM_TIM14_IRQHandler            0x08000313   Thumb Code     0  startup_stm32f40xx.o(.text)
    TIM8_UP_TIM13_IRQHandler                 0x08000313   Thumb Code     0  startup_stm32f40xx.o(.text)
    UART4_IRQHandler                         0x08000313   Thumb Code     0  startup_stm32f40xx.o(.text)
    UART5_IRQHandler                         0x08000313   Thumb Code     0  startup_stm32f40xx.o(.text)
    USART1_IRQHandler                        0x08000313   Thumb Code     0  startup_stm32f40xx.o(.text)
    USART2_IRQHandler                        0x08000313   Thumb Code     0  startup_stm32f40xx.o(.text)
    USART3_IRQHandler                        0x08000313   Thumb Code     0  startup_stm32f40xx.o(.text)
    USART6_IRQHandler                        0x08000313   Thumb Code     0  startup_stm32f40xx.o(.text)
    WWDG_IRQHandler                          0x08000313   Thumb Code     0  startup_stm32f40xx.o(.text)
    __user_initial_stackheap                 0x08000315   Thumb Code     0  startup_stm32f40xx.o(.text)
    __2sprintf                               0x08000339   Thumb Code    38  __2sprintf.o(.text)
    __printf                                 0x08000365   Thumb Code   104  __printf.o(.text)
    _printf_str                              0x080003cd   Thumb Code    82  _printf_str.o(.text)
    _printf_int_dec                          0x08000421   Thumb Code   104  _printf_dec.o(.text)
    __aeabi_memcpy                           0x08000499   Thumb Code     0  rt_memcpy_v6.o(.text)
    __rt_memcpy                              0x08000499   Thumb Code   138  rt_memcpy_v6.o(.text)
    _memcpy_lastbytes                        0x080004ff   Thumb Code     0  rt_memcpy_v6.o(.text)
    __aeabi_memset                           0x08000523   Thumb Code    16  aeabi_memset.o(.text)
    __aeabi_memclr4                          0x08000533   Thumb Code     0  rt_memclr_w.o(.text)
    __aeabi_memclr8                          0x08000533   Thumb Code     0  rt_memclr_w.o(.text)
    __rt_memclr_w                            0x08000533   Thumb Code    78  rt_memclr_w.o(.text)
    _memset_w                                0x08000537   Thumb Code     0  rt_memclr_w.o(.text)
    __use_two_region_memory                  0x08000581   Thumb Code     2  heapauxi.o(.text)
    __rt_heap_escrow$2region                 0x08000583   Thumb Code     2  heapauxi.o(.text)
    __rt_heap_expand$2region                 0x08000585   Thumb Code     2  heapauxi.o(.text)
    _printf_int_common                       0x08000587   Thumb Code   178  _printf_intcommon.o(.text)
    _printf_char_common                      0x08000643   Thumb Code    32  _printf_char_common.o(.text)
    _sputc                                   0x08000669   Thumb Code    10  _sputc.o(.text)
    _printf_cs_common                        0x08000673   Thumb Code    20  _printf_char.o(.text)
    _printf_char                             0x08000687   Thumb Code    16  _printf_char.o(.text)
    _printf_string                           0x08000697   Thumb Code     8  _printf_char.o(.text)
    __aeabi_memcpy4                          0x0800069f   Thumb Code     0  rt_memcpy_w.o(.text)
    __aeabi_memcpy8                          0x0800069f   Thumb Code     0  rt_memcpy_w.o(.text)
    __rt_memcpy_w                            0x0800069f   Thumb Code   100  rt_memcpy_w.o(.text)
    _memcpy_lastbytes_aligned                0x080006e7   Thumb Code     0  rt_memcpy_w.o(.text)
    __aeabi_memclr                           0x08000703   Thumb Code     0  rt_memclr.o(.text)
    __rt_memclr                              0x08000703   Thumb Code    68  rt_memclr.o(.text)
    _memset                                  0x08000707   Thumb Code     0  rt_memclr.o(.text)
    __user_setup_stackheap                   0x08000747   Thumb Code    74  sys_stackheap_outer.o(.text)
    exit                                     0x08000791   Thumb Code    18  exit.o(.text)
    __user_libspace                          0x080007a5   Thumb Code     8  libspace.o(.text)
    __user_perproc_libspace                  0x080007a5   Thumb Code     0  libspace.o(.text)
    __user_perthread_libspace                0x080007a5   Thumb Code     0  libspace.o(.text)
    _sys_exit                                0x080007ad   Thumb Code     8  sys_exit.o(.text)
    __I$use$semihosting                      0x080007b9   Thumb Code     0  use_no_semi.o(.text)
    __use_no_semihosting_swi                 0x080007b9   Thumb Code     2  use_no_semi.o(.text)
    Accel_Init                               0x080007bb   Thumb Code    20  main.o(i.Accel_Init)
    __semihosting_library_function           0x080007bb   Thumb Code     0  indicate_semi.o(.text)
    GPIO_Init                                0x080007cf   Thumb Code   144  stm32f4xx_gpio.o(i.GPIO_Init)
    GPIO_PinAFConfig                         0x0800085f   Thumb Code    70  stm32f4xx_gpio.o(i.GPIO_PinAFConfig)
    GPIO_ResetBits                           0x080008a5   Thumb Code     4  stm32f4xx_gpio.o(i.GPIO_ResetBits)
    GPIO_SPI_Config                          0x080008a9   Thumb Code   110  spi.o(i.GPIO_SPI_Config)
    GPIO_SetBits                             0x08000921   Thumb Code     4  stm32f4xx_gpio.o(i.GPIO_SetBits)
    GPIO_UART_Config                         0x08000925   Thumb Code    52  uart.o(i.GPIO_UART_Config)
    Interfaces_Init                          0x0800095d   Thumb Code    20  main.o(i.Interfaces_Init)
    RCC_AHB1PeriphClockCmd                   0x08000971   Thumb Code    26  stm32f4xx_rcc.o(i.RCC_AHB1PeriphClockCmd)
    RCC_APB1PeriphClockCmd                   0x08000991   Thumb Code    26  stm32f4xx_rcc.o(i.RCC_APB1PeriphClockCmd)
    RCC_APB2PeriphClockCmd                   0x080009b1   Thumb Code    26  stm32f4xx_rcc.o(i.RCC_APB2PeriphClockCmd)
    RCC_GetClocksFreq                        0x080009d1   Thumb Code   214  stm32f4xx_rcc.o(i.RCC_GetClocksFreq)
    SPI_Cmd                                  0x08000ab9   Thumb Code    24  stm32f4xx_spi.o(i.SPI_Cmd)
    SPI_Config                               0x08000ad1   Thumb Code    86  spi.o(i.SPI_Config)
    SPI_I2S_GetFlagStatus                    0x08000b2d   Thumb Code    18  stm32f4xx_spi.o(i.SPI_I2S_GetFlagStatus)
    SPI_I2S_ReceiveData                      0x08000b3f   Thumb Code     6  stm32f4xx_spi.o(i.SPI_I2S_ReceiveData)
    SPI_I2S_SendData                         0x08000b45   Thumb Code     4  stm32f4xx_spi.o(i.SPI_I2S_SendData)
    SPI_Init                                 0x08000b49   Thumb Code    60  stm32f4xx_spi.o(i.SPI_Init)
    SPI_Receive                              0x08000b85   Thumb Code   112  spi.o(i.SPI_Receive)
    SPI_Send                                 0x08000bfd   Thumb Code   108  spi.o(i.SPI_Send)
    SysTick_Handler                          0x08000d5d   Thumb Code    46  port.o(i.SysTick_Handler)
    SystemInit                               0x08000d91   Thumb Code    88  system_stm32f4xx.o(i.SystemInit)
    UART_Config                              0x08000df9   Thumb Code    60  uart.o(i.UART_Config)
    UART_SendData                            0x08000e39   Thumb Code    28  uart.o(i.UART_SendData)
    USART_Cmd                                0x08000e59   Thumb Code    24  stm32f4xx_usart.o(i.USART_Cmd)
    USART_GetFlagStatus                      0x08000e71   Thumb Code    26  stm32f4xx_usart.o(i.USART_GetFlagStatus)
    USART_Init                               0x08000e8d   Thumb Code   204  stm32f4xx_usart.o(i.USART_Init)
    USART_SendData                           0x08000f61   Thumb Code     8  stm32f4xx_usart.o(i.USART_SendData)
    main                                     0x08000f69   Thumb Code    68  main.o(i.main)
    printCoords                              0x08000fcd   Thumb Code    60  main.o(i.printCoords)
    pvPortMalloc                             0x080019f9   Thumb Code   316  heap_4.o(i.pvPortMalloc)
    pxPortInitialiseStack                    0x08001b4d   Thumb Code    38  port.o(i.pxPortInitialiseStack)
    uxListRemove                             0x08001b79   Thumb Code    40  list.o(i.uxListRemove)
    vApplicationIdleHook                     0x08001ba1   Thumb Code     2  main.o(i.vApplicationIdleHook)
    vApplicationMallocFailedHook             0x08001ba3   Thumb Code     2  main.o(i.vApplicationMallocFailedHook)
    vApplicationStackOverflowHook            0x08001ba5   Thumb Code     2  main.o(i.vApplicationStackOverflowHook)
    vApplicationTickHook                     0x08001ba7   Thumb Code     2  main.o(i.vApplicationTickHook)
    vListInitialise                          0x08001ba9   Thumb Code    26  list.o(i.vListInitialise)
    vListInitialiseItem                      0x08001bc3   Thumb Code     6  list.o(i.vListInitialiseItem)
    vListInsert                              0x08001bc9   Thumb Code    52  list.o(i.vListInsert)
    vListInsertEnd                           0x08001bfd   Thumb Code    24  list.o(i.vListInsertEnd)
    vPortEnterCritical                       0x08001c15   Thumb Code    76  port.o(i.vPortEnterCritical)
    vPortExitCritical                        0x08001c69   Thumb Code    56  port.o(i.vPortExitCritical)
    vPortFree                                0x08001ca5   Thumb Code   150  heap_4.o(i.vPortFree)
    vPortSetupTimerInterrupt                 0x08001d49   Thumb Code    36  port.o(i.vPortSetupTimerInterrupt)
    vPortValidateInterruptPriority           0x08001d71   Thumb Code   106  port.o(i.vPortValidateInterruptPriority)
    vQueueAddToRegistry                      0x08001de9   Thumb Code    38  queue.o(i.vQueueAddToRegistry)
    vQueueWaitForMessageRestricted           0x08001e15   Thumb Code    74  queue.o(i.vQueueWaitForMessageRestricted)
    vTaskDelay                               0x08001e61   Thumb Code    82  tasks.o(i.vTaskDelay)
    vTaskDisplayXY                           0x08001ebd   Thumb Code    46  main.o(i.vTaskDisplayXY)
    vTaskGetXY                               0x08001ef5   Thumb Code    48  main.o(i.vTaskGetXY)
    vTaskInternalSetTimeOutState             0x08001f29   Thumb Code    14  tasks.o(i.vTaskInternalSetTimeOutState)
    vTaskMissedYield                         0x08001f41   Thumb Code     8  tasks.o(i.vTaskMissedYield)
    vTaskPlaceOnEventList                    0x08001f4d   Thumb Code    52  tasks.o(i.vTaskPlaceOnEventList)
    vTaskPlaceOnEventListRestricted          0x08001f85   Thumb Code    60  tasks.o(i.vTaskPlaceOnEventListRestricted)
    vTaskStartScheduler                      0x08001fc5   Thumb Code   118  tasks.o(i.vTaskStartScheduler)
    vTaskSuspendAll                          0x08002059   Thumb Code    12  tasks.o(i.vTaskSuspendAll)
    vTaskSwitchContext                       0x08002069   Thumb Code   174  tasks.o(i.vTaskSwitchContext)
    xPortStartScheduler                      0x0800212d   Thumb Code   372  port.o(i.xPortStartScheduler)
    xQueueGenericCreate                      0x080022bd   Thumb Code    84  queue.o(i.xQueueGenericCreate)
    xQueueGenericReset                       0x08002311   Thumb Code   146  queue.o(i.xQueueGenericReset)
    xQueueGenericSend                        0x080023a9   Thumb Code   420  queue.o(i.xQueueGenericSend)
    xQueueGenericSendFromISR                 0x08002551   Thumb Code   252  queue.o(i.xQueueGenericSendFromISR)
    xQueueReceive                            0x0800264d   Thumb Code   356  queue.o(i.xQueueReceive)
    xTaskCheckForTimeOut                     0x080027b5   Thumb Code   132  tasks.o(i.xTaskCheckForTimeOut)
    xTaskCreate                              0x08002841   Thumb Code    96  tasks.o(i.xTaskCreate)
    xTaskGetSchedulerState                   0x080028a1   Thumb Code    24  tasks.o(i.xTaskGetSchedulerState)
    xTaskGetTickCount                        0x080028c1   Thumb Code     6  tasks.o(i.xTaskGetTickCount)
    xTaskIncrementTick                       0x080028cd   Thumb Code   298  tasks.o(i.xTaskIncrementTick)
    xTaskPriorityDisinherit                  0x08002a25   Thumb Code   188  tasks.o(i.xTaskPriorityDisinherit)
    xTaskRemoveFromEventList                 0x08002aed   Thumb Code   128  tasks.o(i.xTaskRemoveFromEventList)
    xTaskResumeAll                           0x08002b85   Thumb Code   224  tasks.o(i.xTaskResumeAll)
    xTimerCreateTimerTask                    0x08002c89   Thumb Code    66  timers.o(i.xTimerCreateTimerTask)
    xTimerGenericCommand                     0x08002ce1   Thumb Code   126  timers.o(i.xTimerGenericCommand)
    _fp_init                                 0x08002d65   Thumb Code    10  fpinit.o(x$fpl$fpinit)
    __fplib_config_fpu_vfp                   0x08002d6d   Thumb Code     0  fpinit.o(x$fpl$fpinit)
    __fplib_config_pureend_doubles           0x08002d6d   Thumb Code     0  fpinit.o(x$fpl$fpinit)
    Region$$Table$$Base                      0x08002d70   Number         0  anon$$obj.o(Region$$Table)
    Region$$Table$$Limit                     0x08002d90   Number         0  anon$$obj.o(Region$$Table)
    pxCurrentTCB                             0x2000002c   Data           4  tasks.o(.data)
    SystemCoreClock                          0x2000007c   Data           4  system_stm32f4xx.o(.data)
    AHBPrescTable                            0x20000080   Data          16  system_stm32f4xx.o(.data)
    str_size                                 0x20000090   Data           1  main.o(.data)
    xQueue                                   0x20000094   Data           4  main.o(.data)
    xQueueRegistry                           0x20012ca8   Data          64  queue.o(.bss)
    data                                     0x20012dd8   Data          20  main.o(.bss)
    __libspace_start                         0x20012dec   Data          96  libspace.o(.bss)
    __temporary_stack_top$libspace           0x20012e4c   Data           0  libspace.o(.bss)



==============================================================================

Memory Map of the image

  Image Entry point : 0x080002f9

  Load Region LR_1 (Base: 0x08000000, Size: 0x00002e38, Max: 0xffffffff, ABSOLUTE)

    Execution Region ER_RO (Exec base: 0x08000000, Load base: 0x08000000, Size: 0x00002d90, Max: 0xffffffff, ABSOLUTE)

    Exec Addr    Load Addr    Size         Type   Attr      Idx    E Section Name        Object

    0x08000000   0x08000000   0x00000188   Data   RO         1679    RESET               startup_stm32f40xx.o
    0x08000188   0x08000188   0x00000008   Code   RO         6785  * !!!main             c_w.l(__main.o)
    0x08000190   0x08000190   0x00000034   Code   RO         7024    !!!scatter          c_w.l(__scatter.o)
    0x080001c4   0x080001c4   0x0000001a   Code   RO         7026    !!handler_copy      c_w.l(__scatter_copy.o)
    0x080001de   0x080001de   0x00000002   PAD
    0x080001e0   0x080001e0   0x0000001c   Code   RO         7028    !!handler_zi        c_w.l(__scatter_zi.o)
    0x080001fc   0x080001fc   0x00000000   Code   RO         6774    .ARM.Collect$$_printf_percent$$00000000  c_w.l(_printf_percent.o)
    0x080001fc   0x080001fc   0x00000006   Code   RO         6773    .ARM.Collect$$_printf_percent$$00000009  c_w.l(_printf_d.o)
    0x08000202   0x08000202   0x00000006   Code   RO         6772    .ARM.Collect$$_printf_percent$$00000014  c_w.l(_printf_s.o)
    0x08000208   0x08000208   0x00000004   Code   RO         6820    .ARM.Collect$$_printf_percent$$00000017  c_w.l(_printf_percent_end.o)
    0x0800020c   0x0800020c   0x00000002   Code   RO         6894    .ARM.Collect$$libinit$$00000000  c_w.l(libinit.o)
    0x0800020e   0x0800020e   0x00000004   Code   RO         6900    .ARM.Collect$$libinit$$00000001  c_w.l(libinit2.o)
    0x08000212   0x08000212   0x00000000   Code   RO         6903    .ARM.Collect$$libinit$$00000004  c_w.l(libinit2.o)
    0x08000212   0x08000212   0x00000000   Code   RO         6906    .ARM.Collect$$libinit$$0000000A  c_w.l(libinit2.o)
    0x08000212   0x08000212   0x00000000   Code   RO         6908    .ARM.Collect$$libinit$$0000000C  c_w.l(libinit2.o)
    0x08000212   0x08000212   0x00000000   Code   RO         6910    .ARM.Collect$$libinit$$0000000E  c_w.l(libinit2.o)
    0x08000212   0x08000212   0x00000000   Code   RO         6913    .ARM.Collect$$libinit$$00000011  c_w.l(libinit2.o)
    0x08000212   0x08000212   0x00000000   Code   RO         6915    .ARM.Collect$$libinit$$00000013  c_w.l(libinit2.o)
    0x08000212   0x08000212   0x00000000   Code   RO         6917    .ARM.Collect$$libinit$$00000015  c_w.l(libinit2.o)
    0x08000212   0x08000212   0x00000000   Code   RO         6919    .ARM.Collect$$libinit$$00000017  c_w.l(libinit2.o)
    0x08000212   0x08000212   0x00000000   Code   RO         6921    .ARM.Collect$$libinit$$00000019  c_w.l(libinit2.o)
    0x08000212   0x08000212   0x00000000   Code   RO         6923    .ARM.Collect$$libinit$$0000001B  c_w.l(libinit2.o)
    0x08000212   0x08000212   0x00000000   Code   RO         6925    .ARM.Collect$$libinit$$0000001D  c_w.l(libinit2.o)
    0x08000212   0x08000212   0x00000000   Code   RO         6927    .ARM.Collect$$libinit$$0000001F  c_w.l(libinit2.o)
    0x08000212   0x08000212   0x00000000   Code   RO         6929    .ARM.Collect$$libinit$$00000021  c_w.l(libinit2.o)
    0x08000212   0x08000212   0x00000000   Code   RO         6931    .ARM.Collect$$libinit$$00000023  c_w.l(libinit2.o)
    0x08000212   0x08000212   0x00000000   Code   RO         6933    .ARM.Collect$$libinit$$00000025  c_w.l(libinit2.o)
    0x08000212   0x08000212   0x00000000   Code   RO         6937    .ARM.Collect$$libinit$$0000002C  c_w.l(libinit2.o)
    0x08000212   0x08000212   0x00000000   Code   RO         6939    .ARM.Collect$$libinit$$0000002E  c_w.l(libinit2.o)
    0x08000212   0x08000212   0x00000000   Code   RO         6941    .ARM.Collect$$libinit$$00000030  c_w.l(libinit2.o)
    0x08000212   0x08000212   0x00000000   Code   RO         6943    .ARM.Collect$$libinit$$00000032  c_w.l(libinit2.o)
    0x08000212   0x08000212   0x00000002   Code   RO         6944    .ARM.Collect$$libinit$$00000033  c_w.l(libinit2.o)
    0x08000214   0x08000214   0x00000002   Code   RO         6964    .ARM.Collect$$libshutdown$$00000000  c_w.l(libshutdown.o)
    0x08000216   0x08000216   0x00000000   Code   RO         6977    .ARM.Collect$$libshutdown$$00000002  c_w.l(libshutdown2.o)
    0x08000216   0x08000216   0x00000000   Code   RO         6979    .ARM.Collect$$libshutdown$$00000004  c_w.l(libshutdown2.o)
    0x08000216   0x08000216   0x00000000   Code   RO         6982    .ARM.Collect$$libshutdown$$00000007  c_w.l(libshutdown2.o)
    0x08000216   0x08000216   0x00000000   Code   RO         6985    .ARM.Collect$$libshutdown$$0000000A  c_w.l(libshutdown2.o)
    0x08000216   0x08000216   0x00000000   Code   RO         6987    .ARM.Collect$$libshutdown$$0000000C  c_w.l(libshutdown2.o)
    0x08000216   0x08000216   0x00000000   Code   RO         6990    .ARM.Collect$$libshutdown$$0000000F  c_w.l(libshutdown2.o)
    0x08000216   0x08000216   0x00000002   Code   RO         6991    .ARM.Collect$$libshutdown$$00000010  c_w.l(libshutdown2.o)
    0x08000218   0x08000218   0x00000000   Code   RO         6811    .ARM.Collect$$rtentry$$00000000  c_w.l(__rtentry.o)
    0x08000218   0x08000218   0x00000000   Code   RO         6869    .ARM.Collect$$rtentry$$00000002  c_w.l(__rtentry2.o)
    0x08000218   0x08000218   0x00000006   Code   RO         6881    .ARM.Collect$$rtentry$$00000004  c_w.l(__rtentry4.o)
    0x0800021e   0x0800021e   0x00000000   Code   RO         6871    .ARM.Collect$$rtentry$$00000009  c_w.l(__rtentry2.o)
    0x0800021e   0x0800021e   0x00000004   Code   RO         6872    .ARM.Collect$$rtentry$$0000000A  c_w.l(__rtentry2.o)
    0x08000222   0x08000222   0x00000000   Code   RO         6874    .ARM.Collect$$rtentry$$0000000C  c_w.l(__rtentry2.o)
    0x08000222   0x08000222   0x00000008   Code   RO         6875    .ARM.Collect$$rtentry$$0000000D  c_w.l(__rtentry2.o)
    0x0800022a   0x0800022a   0x00000002   Code   RO         6898    .ARM.Collect$$rtexit$$00000000  c_w.l(rtexit.o)
    0x0800022c   0x0800022c   0x00000000   Code   RO         6946    .ARM.Collect$$rtexit$$00000002  c_w.l(rtexit2.o)
    0x0800022c   0x0800022c   0x00000004   Code   RO         6947    .ARM.Collect$$rtexit$$00000003  c_w.l(rtexit2.o)
    0x08000230   0x08000230   0x00000006   Code   RO         6948    .ARM.Collect$$rtexit$$00000004  c_w.l(rtexit2.o)
    0x08000236   0x08000236   0x00000002   PAD
    0x08000238   0x08000238   0x000000be   Code   RO          258    .emb_text           port.o
    0x080002f6   0x080002f6   0x00000002   PAD
    0x080002f8   0x080002f8   0x00000040   Code   RO         1680  * .text               startup_stm32f40xx.o
    0x08000338   0x08000338   0x0000002c   Code   RO         6742    .text               c_w.l(__2sprintf.o)
    0x08000364   0x08000364   0x00000068   Code   RO         6746    .text               c_w.l(__printf.o)
    0x080003cc   0x080003cc   0x00000052   Code   RO         6748    .text               c_w.l(_printf_str.o)
    0x0800041e   0x0800041e   0x00000002   PAD
    0x08000420   0x08000420   0x00000078   Code   RO         6750    .text               c_w.l(_printf_dec.o)
    0x08000498   0x08000498   0x0000008a   Code   RO         6775    .text               c_w.l(rt_memcpy_v6.o)
    0x08000522   0x08000522   0x00000010   Code   RO         6779    .text               c_w.l(aeabi_memset.o)
    0x08000532   0x08000532   0x0000004e   Code   RO         6781    .text               c_w.l(rt_memclr_w.o)
    0x08000580   0x08000580   0x00000006   Code   RO         6783    .text               c_w.l(heapauxi.o)
    0x08000586   0x08000586   0x000000b2   Code   RO         6812    .text               c_w.l(_printf_intcommon.o)
    0x08000638   0x08000638   0x00000030   Code   RO         6814    .text               c_w.l(_printf_char_common.o)
    0x08000668   0x08000668   0x0000000a   Code   RO         6816    .text               c_w.l(_sputc.o)
    0x08000672   0x08000672   0x0000002c   Code   RO         6818    .text               c_w.l(_printf_char.o)
    0x0800069e   0x0800069e   0x00000064   Code   RO         6821    .text               c_w.l(rt_memcpy_w.o)
    0x08000702   0x08000702   0x00000044   Code   RO         6823    .text               c_w.l(rt_memclr.o)
    0x08000746   0x08000746   0x0000004a   Code   RO         6885    .text               c_w.l(sys_stackheap_outer.o)
    0x08000790   0x08000790   0x00000012   Code   RO         6887    .text               c_w.l(exit.o)
    0x080007a2   0x080007a2   0x00000002   PAD
    0x080007a4   0x080007a4   0x00000008   Code   RO         6895    .text               c_w.l(libspace.o)
    0x080007ac   0x080007ac   0x0000000c   Code   RO         6956    .text               c_w.l(sys_exit.o)
    0x080007b8   0x080007b8   0x00000002   Code   RO         6967    .text               c_w.l(use_no_semi.o)
    0x080007ba   0x080007ba   0x00000000   Code   RO         6969    .text               c_w.l(indicate_semi.o)
    0x080007ba   0x080007ba   0x00000014   Code   RO         1380    i.Accel_Init        main.o
    0x080007ce   0x080007ce   0x00000090   Code   RO         3595    i.GPIO_Init         stm32f4xx_gpio.o
    0x0800085e   0x0800085e   0x00000046   Code   RO         3596    i.GPIO_PinAFConfig  stm32f4xx_gpio.o
    0x080008a4   0x080008a4   0x00000004   Code   RO         3602    i.GPIO_ResetBits    stm32f4xx_gpio.o
    0x080008a8   0x080008a8   0x00000078   Code   RO         1500    i.GPIO_SPI_Config   spi.o
    0x08000920   0x08000920   0x00000004   Code   RO         3603    i.GPIO_SetBits      stm32f4xx_gpio.o
    0x08000924   0x08000924   0x00000038   Code   RO         1620    i.GPIO_UART_Config  uart.o
    0x0800095c   0x0800095c   0x00000014   Code   RO         1381    i.Interfaces_Init   main.o
    0x08000970   0x08000970   0x00000020   Code   RO         4530    i.RCC_AHB1PeriphClockCmd  stm32f4xx_rcc.o
    0x08000990   0x08000990   0x00000020   Code   RO         4539    i.RCC_APB1PeriphClockCmd  stm32f4xx_rcc.o
    0x080009b0   0x080009b0   0x00000020   Code   RO         4542    i.RCC_APB2PeriphClockCmd  stm32f4xx_rcc.o
    0x080009d0   0x080009d0   0x000000e8   Code   RO         4551    i.RCC_GetClocksFreq  stm32f4xx_rcc.o
    0x08000ab8   0x08000ab8   0x00000018   Code   RO         5694    i.SPI_Cmd           stm32f4xx_spi.o
    0x08000ad0   0x08000ad0   0x0000005c   Code   RO         1501    i.SPI_Config        spi.o
    0x08000b2c   0x08000b2c   0x00000012   Code   RO         5702    i.SPI_I2S_GetFlagStatus  stm32f4xx_spi.o
    0x08000b3e   0x08000b3e   0x00000006   Code   RO         5705    i.SPI_I2S_ReceiveData  stm32f4xx_spi.o
    0x08000b44   0x08000b44   0x00000004   Code   RO         5706    i.SPI_I2S_SendData  stm32f4xx_spi.o
    0x08000b48   0x08000b48   0x0000003c   Code   RO         5707    i.SPI_Init          stm32f4xx_spi.o
    0x08000b84   0x08000b84   0x00000078   Code   RO         1502    i.SPI_Receive       spi.o
    0x08000bfc   0x08000bfc   0x00000074   Code   RO         1503    i.SPI_Send          spi.o
    0x08000c70   0x08000c70   0x000000ec   Code   RO         1339    i.SetSysClock       system_stm32f4xx.o
    0x08000d5c   0x08000d5c   0x00000034   Code   RO          259    i.SysTick_Handler   port.o
    0x08000d90   0x08000d90   0x00000068   Code   RO         1341    i.SystemInit        system_stm32f4xx.o
    0x08000df8   0x08000df8   0x00000040   Code   RO         1621    i.UART_Config       uart.o
    0x08000e38   0x08000e38   0x00000020   Code   RO         1622    i.UART_SendData     uart.o
    0x08000e58   0x08000e58   0x00000018   Code   RO         6489    i.USART_Cmd         stm32f4xx_usart.o
    0x08000e70   0x08000e70   0x0000001a   Code   RO         6492    i.USART_GetFlagStatus  stm32f4xx_usart.o
    0x08000e8a   0x08000e8a   0x00000002   PAD
    0x08000e8c   0x08000e8c   0x000000d4   Code   RO         6496    i.USART_Init        stm32f4xx_usart.o
    0x08000f60   0x08000f60   0x00000008   Code   RO         6506    i.USART_SendData    stm32f4xx_usart.o
    0x08000f68   0x08000f68   0x00000064   Code   RO         1383    i.main              main.o
    0x08000fcc   0x08000fcc   0x00000060   Code   RO         1384    i.printCoords       main.o
    0x0800102c   0x0800102c   0x00000098   Code   RO          824    i.prvAddCurrentTaskToDelayedList  tasks.o
    0x080010c4   0x080010c4   0x000000b8   Code   RO          825    i.prvAddNewTaskToReadyList  tasks.o
    0x0800117c   0x0800117c   0x00000064   Code   RO         1188    i.prvCheckForValidListAndQueue  timers.o
    0x080011e0   0x080011e0   0x00000048   Code   RO          826    i.prvCheckTasksWaitingTermination  tasks.o
    0x08001228   0x08001228   0x0000002a   Code   RO          447    i.prvCopyDataFromQueue  queue.o
    0x08001252   0x08001252   0x0000007e   Code   RO          448    i.prvCopyDataToQueue  queue.o
    0x080012d0   0x080012d0   0x00000012   Code   RO          827    i.prvDeleteTCB      tasks.o
    0x080012e2   0x080012e2   0x00000002   PAD
    0x080012e4   0x080012e4   0x00000028   Code   RO         1189    i.prvGetNextExpireTime  timers.o
    0x0800130c   0x0800130c   0x0000007c   Code   RO          149    i.prvHeapInit       heap_4.o
    0x08001388   0x08001388   0x0000002c   Code   RO          828    i.prvIdleTask       tasks.o
    0x080013b4   0x080013b4   0x0000002a   Code   RO          451    i.prvInitialiseNewQueue  queue.o
    0x080013de   0x080013de   0x000000be   Code   RO          829    i.prvInitialiseNewTask  tasks.o
    0x0800149c   0x0800149c   0x00000068   Code   RO          830    i.prvInitialiseTaskLists  tasks.o
    0x08001504   0x08001504   0x00000068   Code   RO          150    i.prvInsertBlockIntoFreeList  heap_4.o
    0x0800156c   0x0800156c   0x00000058   Code   RO         1191    i.prvInsertTimerInActiveList  timers.o
    0x080015c4   0x080015c4   0x0000001a   Code   RO          452    i.prvIsQueueEmpty   queue.o
    0x080015de   0x080015de   0x0000001e   Code   RO          453    i.prvIsQueueFull    queue.o
    0x080015fc   0x080015fc   0x00000074   Code   RO         1192    i.prvProcessExpiredTimer  timers.o
    0x08001670   0x08001670   0x00000138   Code   RO         1193    i.prvProcessReceivedCommands  timers.o
    0x080017a8   0x080017a8   0x00000074   Code   RO         1194    i.prvProcessTimerOrBlockTask  timers.o
    0x0800181c   0x0800181c   0x00000034   Code   RO          832    i.prvResetNextTaskUnblockTime  tasks.o
    0x08001850   0x08001850   0x0000002c   Code   RO         1195    i.prvSampleTimeNow  timers.o
    0x0800187c   0x0800187c   0x000000a4   Code   RO         1196    i.prvSwitchTimerLists  timers.o
    0x08001920   0x08001920   0x00000040   Code   RO          260    i.prvTaskExitError  port.o
    0x08001960   0x08001960   0x0000001a   Code   RO         1197    i.prvTimerTask      timers.o
    0x0800197a   0x0800197a   0x0000007e   Code   RO          454    i.prvUnlockQueue    queue.o
    0x080019f8   0x080019f8   0x00000154   Code   RO          151    i.pvPortMalloc      heap_4.o
    0x08001b4c   0x08001b4c   0x0000002c   Code   RO          261    i.pxPortInitialiseStack  port.o
    0x08001b78   0x08001b78   0x00000028   Code   RO          216    i.uxListRemove      list.o
    0x08001ba0   0x08001ba0   0x00000002   Code   RO         1385    i.vApplicationIdleHook  main.o
    0x08001ba2   0x08001ba2   0x00000002   Code   RO         1386    i.vApplicationMallocFailedHook  main.o
    0x08001ba4   0x08001ba4   0x00000002   Code   RO         1387    i.vApplicationStackOverflowHook  main.o
    0x08001ba6   0x08001ba6   0x00000002   Code   RO         1388    i.vApplicationTickHook  main.o
    0x08001ba8   0x08001ba8   0x0000001a   Code   RO          217    i.vListInitialise   list.o
    0x08001bc2   0x08001bc2   0x00000006   Code   RO          218    i.vListInitialiseItem  list.o
    0x08001bc8   0x08001bc8   0x00000034   Code   RO          219    i.vListInsert       list.o
    0x08001bfc   0x08001bfc   0x00000018   Code   RO          220    i.vListInsertEnd    list.o
    0x08001c14   0x08001c14   0x00000054   Code   RO          263    i.vPortEnterCritical  port.o
    0x08001c68   0x08001c68   0x0000003c   Code   RO          264    i.vPortExitCritical  port.o
    0x08001ca4   0x08001ca4   0x000000a4   Code   RO          152    i.vPortFree         heap_4.o
    0x08001d48   0x08001d48   0x00000028   Code   RO          265    i.vPortSetupTimerInterrupt  port.o
    0x08001d70   0x08001d70   0x00000078   Code   RO          266    i.vPortValidateInterruptPriority  port.o
    0x08001de8   0x08001de8   0x0000002c   Code   RO          460    i.vQueueAddToRegistry  queue.o
    0x08001e14   0x08001e14   0x0000004a   Code   RO          464    i.vQueueWaitForMessageRestricted  queue.o
    0x08001e5e   0x08001e5e   0x00000002   PAD
    0x08001e60   0x08001e60   0x0000005c   Code   RO          844    i.vTaskDelay        tasks.o
    0x08001ebc   0x08001ebc   0x00000038   Code   RO         1389    i.vTaskDisplayXY    main.o
    0x08001ef4   0x08001ef4   0x00000034   Code   RO         1390    i.vTaskGetXY        main.o
    0x08001f28   0x08001f28   0x00000018   Code   RO          849    i.vTaskInternalSetTimeOutState  tasks.o
    0x08001f40   0x08001f40   0x0000000c   Code   RO          850    i.vTaskMissedYield  tasks.o
    0x08001f4c   0x08001f4c   0x00000038   Code   RO          852    i.vTaskPlaceOnEventList  tasks.o
    0x08001f84   0x08001f84   0x00000040   Code   RO          853    i.vTaskPlaceOnEventListRestricted  tasks.o
    0x08001fc4   0x08001fc4   0x00000094   Code   RO          861    i.vTaskStartScheduler  tasks.o
    0x08002058   0x08002058   0x00000010   Code   RO          863    i.vTaskSuspendAll   tasks.o
    0x08002068   0x08002068   0x000000c4   Code   RO          864    i.vTaskSwitchContext  tasks.o
    0x0800212c   0x0800212c   0x00000190   Code   RO          267    i.xPortStartScheduler  port.o
    0x080022bc   0x080022bc   0x00000054   Code   RO          467    i.xQueueGenericCreate  queue.o
    0x08002310   0x08002310   0x00000098   Code   RO          468    i.xQueueGenericReset  queue.o
    0x080023a8   0x080023a8   0x000001a8   Code   RO          469    i.xQueueGenericSend  queue.o
    0x08002550   0x08002550   0x000000fc   Code   RO          470    i.xQueueGenericSendFromISR  queue.o
    0x0800264c   0x0800264c   0x00000168   Code   RO          477    i.xQueueReceive     queue.o
    0x080027b4   0x080027b4   0x0000008c   Code   RO          866    i.xTaskCheckForTimeOut  tasks.o
    0x08002840   0x08002840   0x00000060   Code   RO          867    i.xTaskCreate       tasks.o
    0x080028a0   0x080028a0   0x00000020   Code   RO          871    i.xTaskGetSchedulerState  tasks.o
    0x080028c0   0x080028c0   0x0000000c   Code   RO          872    i.xTaskGetTickCount  tasks.o
    0x080028cc   0x080028cc   0x00000158   Code   RO          874    i.xTaskIncrementTick  tasks.o
    0x08002a24   0x08002a24   0x000000c8   Code   RO          877    i.xTaskPriorityDisinherit  tasks.o
    0x08002aec   0x08002aec   0x00000098   Code   RO          879    i.xTaskRemoveFromEventList  tasks.o
    0x08002b84   0x08002b84   0x00000104   Code   RO          880    i.xTaskResumeAll    tasks.o
    0x08002c88   0x08002c88   0x00000058   Code   RO         1205    i.xTimerCreateTimerTask  timers.o
    0x08002ce0   0x08002ce0   0x00000084   Code   RO         1206    i.xTimerGenericCommand  timers.o
    0x08002d64   0x08002d64   0x0000000a   Code   RO         6954    x$fpl$fpinit        fz_wm.l(fpinit.o)
    0x08002d6e   0x08002d6e   0x00000002   PAD
    0x08002d70   0x08002d70   0x00000020   Data   RO         7022    Region$$Table       anon$$obj.o


    Execution Region ER_RW (Exec base: 0x20000000, Load base: 0x08002d90, Size: 0x000000a8, Max: 0xffffffff, ABSOLUTE)

    Exec Addr    Load Addr    Size         Type   Attr      Idx    E Section Name        Object

    0x20000000   0x08002d90   0x00000020   Data   RW          158    .data               heap_4.o
    0x20000020   0x08002db0   0x0000000c   Data   RW          268    .data               port.o
    0x2000002c   0x08002dbc   0x0000003c   Data   RW          883    .data               tasks.o
    0x20000068   0x08002df8   0x00000014   Data   RW         1212    .data               timers.o
    0x2000007c   0x08002e0c   0x00000014   Data   RW         1342    .data               system_stm32f4xx.o
    0x20000090   0x08002e20   0x00000008   Data   RW         1392    .data               main.o
    0x20000098   0x08002e28   0x00000010   Data   RW         4583    .data               stm32f4xx_rcc.o


    Execution Region ER_ZI (Exec base: 0x200000a8, Load base: 0x08002e38, Size: 0x000133a8, Max: 0xffffffff, ABSOLUTE)

    Exec Addr    Load Addr    Size         Type   Attr      Idx    E Section Name        Object

    0x200000a8        -       0x00012c00   Zero   RW          157    .bss                heap_4.o
    0x20012ca8        -       0x00000040   Zero   RW          481    .bss                queue.o
    0x20012ce8        -       0x000000c8   Zero   RW          882    .bss                tasks.o
    0x20012db0        -       0x00000028   Zero   RW         1211    .bss                timers.o
    0x20012dd8        -       0x00000014   Zero   RW         1391    .bss                main.o
    0x20012dec        -       0x00000060   Zero   RW         6896    .bss                c_w.l(libspace.o)
    0x20012e4c   0x08002e38   0x00000004   PAD
    0x20012e50        -       0x00000200   Zero   RW         1678    HEAP                startup_stm32f40xx.o
    0x20013050        -       0x00000400   Zero   RW         1677    STACK               startup_stm32f40xx.o


==============================================================================

Image component sizes


      Code (inc. data)   RO Data    RW Data    ZI Data      Debug   Object Name

         0          0          0          0          0      14704   croutine.o
         0          0          0          0          0      10320   event_groups.o
       732         72          0         32      76800      12355   heap_4.o
       148          0          0          0          0       3250   list.o
       352         82          0          8         20       5710   main.o
      1054         90          0         12          0     247845   port.o
      1782         20          0          0         64      15526   queue.o
       448         32          0          0          0      32912   spi.o
        64         26        392          0       1536        820   startup_stm32f40xx.o
         0          0          0          0          0      15412   stm32f4xx_dfsdm.o
       222          0          0          0          0      10015   stm32f4xx_gpio.o
       328         36          0         16          0       4687   stm32f4xx_rcc.o
       112          0          0          0          0       3518   stm32f4xx_spi.o
       270          8          0          0          0       3312   stm32f4xx_usart.o
       340         32          0         20          0       1885   system_stm32f4xx.o
      2660        348          0         60        200      23570   tasks.o
      1226        116          0         20         40      14011   timers.o
       152         12          0          0          0       7573   uart.o

    ----------------------------------------------------------------------
      9898        874        424        168      78660     427425   Object Totals
         0          0         32          0          0          0   (incl. Generated)
         8          0          0          0          0          0   (incl. Padding)

    ----------------------------------------------------------------------

      Code (inc. data)   RO Data    RW Data    ZI Data      Debug   Library Member Name

        44          6          0          0          0         84   __2sprintf.o
         8          0          0          0          0         68   __main.o
       104          0          0          0          0         84   __printf.o
         0          0          0          0          0          0   __rtentry.o
        12          0          0          0          0          0   __rtentry2.o
         6          0          0          0          0          0   __rtentry4.o
        52          8          0          0          0          0   __scatter.o
        26          0          0          0          0          0   __scatter_copy.o
        28          0          0          0          0          0   __scatter_zi.o
        44          0          0          0          0        108   _printf_char.o
        48          6          0          0          0         96   _printf_char_common.o
         6          0          0          0          0          0   _printf_d.o
       120         16          0          0          0         92   _printf_dec.o
       178          0          0          0          0         88   _printf_intcommon.o
         0          0          0          0          0          0   _printf_percent.o
         4          0          0          0          0          0   _printf_percent_end.o
         6          0          0          0          0          0   _printf_s.o
        82          0          0          0          0         80   _printf_str.o
        10          0          0          0          0         68   _sputc.o
        16          0          0          0          0         68   aeabi_memset.o
        18          0          0          0          0         80   exit.o
         6          0          0          0          0        152   heapauxi.o
         0          0          0          0          0          0   indicate_semi.o
         2          0          0          0          0          0   libinit.o
         6          0          0          0          0          0   libinit2.o
         2          0          0          0          0          0   libshutdown.o
         2          0          0          0          0          0   libshutdown2.o
         8          4          0          0         96         68   libspace.o
        68          0          0          0          0         68   rt_memclr.o
        78          0          0          0          0         80   rt_memclr_w.o
       138          0          0          0          0         68   rt_memcpy_v6.o
       100          0          0          0          0         80   rt_memcpy_w.o
         2          0          0          0          0          0   rtexit.o
        10          0          0          0          0          0   rtexit2.o
        12          4          0          0          0         68   sys_exit.o
        74          0          0          0          0         80   sys_stackheap_outer.o
         2          0          0          0          0         68   use_no_semi.o
        10          0          0          0          0        116   fpinit.o

    ----------------------------------------------------------------------
      1342         44          0          0        100       1764   Library Totals
        10          0          0          0          4          0   (incl. Padding)

    ----------------------------------------------------------------------

      Code (inc. data)   RO Data    RW Data    ZI Data      Debug   Library Name

      1322         44          0          0         96       1648   c_w.l
        10          0          0          0          0        116   fz_wm.l

    ----------------------------------------------------------------------
      1342         44          0          0        100       1764   Library Totals

    ----------------------------------------------------------------------

==============================================================================


      Code (inc. data)   RO Data    RW Data    ZI Data      Debug   

     11240        918        424        168      78760     418657   Grand Totals
     11240        918        424        168      78760     418657   ELF Image Totals
     11240        918        424        168          0          0   ROM Totals

==============================================================================

    Total RO  Size (Code + RO Data)                11664 (  11.39kB)
    Total RW  Size (RW Data + ZI Data)             78928 (  77.08kB)
    Total ROM Size (Code + RO Data + RW Data)      11832 (  11.55kB)

==============================================================================

